 ------------------------------------------------------------------------------------------------------------------------------------------------------------------- 
| Snapshot                | WNS                  | TNS                  | Density (%) | Hotspot                   | Resource               | DRVs       | Layer-OPT |
|                         | HEPG (ns) | ALL (ns) | HEPG (ns) | ALL (ns) |             | Max (bins) | Total (bins) | Real (s) | Memory (MB) | Tran | Cap | met4      |
|-------------------------+-----------+----------+-----------+----------+-------------+------------+--------------+----------+-------------+------+-----+-----------|
| initial_summary         |    -0.201 |   -0.872 |           |      -17 |       96.31 |            |              | 0:00:00  |        6617 |    0 |   0 |           |
| route_type_refinement   |           |          |           |          |             |            |              | 0:00:01  |        6617 |      |     |         5 |
| simplify_netlist        |           |          |           |          |             |            |              | 0:00:00  |        6617 |      |     |           |
| excluded_clk_net_fixing |           |          |           |          |             |            |              | 0:00:00  |        6617 |      |     |           |
| global_opt              |           |   -0.750 |           |      -12 |       96.44 |            |              | 0:00:07  |        6697 |      |     |         5 |
| area_reclaiming         |     0.034 |   -0.735 |         0 |      -11 |       95.30 |            |              | 0:00:04  |        6652 |      |     |         5 |
| wns_fixing              |    -0.272 |   -0.830 |        -2 |      -13 |       97.59 |            |              | 0:00:42  |        6798 |      |     |         9 |
| tns_fixing              |     0.123 |   -0.511 |         0 |       -7 |       97.66 |            |              | 0:00:09  |        6798 |      |     |         9 |
| area_reclaiming_2       |     0.016 |   -0.507 |         0 |       -7 |       97.25 |            |              | 0:00:02  |        6670 |      |     |         9 |
| area_reclaiming_3       |     0.009 |   -0.525 |         0 |       -7 |       96.94 |            |              | 0:00:04  |        6670 |      |     |         6 |
| local_wire_reclaim      |           |          |           |          |             |            |              | 0:00:17  |        6670 |      |     |           |
| global_route            |           |          |           |          |             |     512.00 |       512.00 | 0:00:01  |        6580 |      |     |           |
| route_type_refinement_2 |           |          |           |          |             |            |              | 0:00:00  |        6580 |      |     |         6 |
| drv_eco_fixing          |    -0.253 |   -0.735 |        -2 |      -14 |       97.17 |            |              | 0:00:01  |        6670 |    1 |   2 |         6 |
| tns_eco_fixing          |    -0.209 |   -0.724 |        -1 |      -13 |       97.28 |            |              | 0:00:08  |        6854 |      |     |         6 |
| tns_eco_fixing_2        |    -0.209 |   -0.724 |        -1 |      -13 |       97.28 |            |              | 0:00:02  |        6854 |      |     |         6 |
| final_summary           |    -0.209 |   -0.776 |           |      -14 |       97.28 |     523.00 |       523.00 | 0:00:02  |        6646 |    1 |   1 |           |
 ------------------------------------------------------------------------------------------------------------------------------------------------------------------- 
