 ------------------------------------------------------------------------------------------------------------------------------------ 
| Snapshot                | WNS                | TNS | Density (%) | Hotspot                   | Resource               | DRVs       |
|                         | HEPG (ns) | ALL (ns)     |             | Max (bins) | Total (bins) | Real (s) | Memory (MB) | Tran | Cap |
|-------------------------+-----------+--------+-----+-------------+------------+--------------+----------+-------------+------+-----|
| initial_summary         |     0.036 | -0.350 |  -5 |       52.01 |            |              | 0:00:01  |        6620 |    0 |   0 |
| excluded_clk_net_fixing |           |        |     |             |            |              | 0:00:00  |        6588 |      |     |
| final_summary           |     0.036 | -0.350 |  -5 |       52.01 |    1124.56 |      1144.11 | 0:00:03  |        6620 |    0 |   0 |
 ------------------------------------------------------------------------------------------------------------------------------------ 
