 ------------------------------------------------------------------------------------------------------------------------------------------------------- 
| Snapshot                | WNS                  | TNS                  | Density (%) | Hotspot                   | Resource               | DRVs       |
|                         | HEPG (ns) | ALL (ns) | HEPG (ns) | ALL (ns) |             | Max (bins) | Total (bins) | Real (s) | Memory (MB) | Tran | Cap |
|-------------------------+-----------+----------+-----------+----------+-------------+------------+--------------+----------+-------------+------+-----|
| initial_summary         |    -0.950 |   -1.377 |           |      -41 |       29.62 |            |              | 0:00:02  |        6517 |   59 |  69 |
| route_type_refinement   |           |          |           |          |             |            |              | 0:00:00  |        6517 |      |     |
| simplify_netlist        |           |          |           |          |             |            |              | 0:00:00  |        6517 |      |     |
| excluded_clk_net_fixing |           |          |           |          |             |            |              | 0:00:00  |        6517 |      |     |
| drv_fixing              |    -0.763 |   -0.966 |        -7 |      -26 |       29.99 |            |              | 0:00:02  |        6597 |    0 |   0 |
| global_opt              |           |   -0.268 |           |       -2 |       30.16 |            |              | 0:00:03  |        6597 |      |     |
| area_reclaiming         |    -0.265 |   -0.265 |        -1 |       -2 |       29.97 |            |              | 0:00:03  |        6597 |      |     |
| wns_fixing              |     0.070 |    0.059 |         0 |        0 |       30.13 |            |              | 0:00:07  |        6725 |      |     |
| area_reclaiming_2       |     0.004 |   -0.000 |         0 |       -0 |       29.94 |            |              | 0:00:04  |        6605 |      |     |
| area_reclaiming_3       |     0.025 |   -0.000 |         0 |       -0 |       29.90 |            |              | 0:00:02  |        6605 |      |     |
| local_wire_reclaim      |           |          |           |          |             |            |              | 0:00:14  |        6541 |      |     |
| global_route            |           |          |           |          |             |      23.67 |       292.33 | 0:00:01  |        6443 |      |     |
| route_type_refinement_2 |           |          |           |          |             |            |              | 0:00:00  |        6443 |      |     |
| drv_eco_fixing          |     0.007 |   -0.065 |         0 |       -0 |       29.93 |            |              | 0:00:01  |        6533 |    0 |   0 |
| tns_eco_fixing          |     0.007 |    0.006 |         0 |        0 |       29.93 |            |              | 0:00:01  |        6661 |      |     |
| final_summary           |     0.008 |   -0.005 |           |       -0 |       29.93 |      22.44 |       299.33 | 0:00:03  |        6453 |    0 |   0 |
 ------------------------------------------------------------------------------------------------------------------------------------------------------- 
