 --------------------------------------------------------------------------------------------------------------------------- 
| Snapshot        | WNS               | TNS | Density (%) | Hotspot                   | Resource               | DRVs       |
|                 | HEPG (ns) | ALL (ns)    |             | Max (bins) | Total (bins) | Real (s) | Memory (MB) | Tran | Cap |
|-----------------+-----------+-------+-----+-------------+------------+--------------+----------+-------------+------+-----|
| initial_summary |     0.007 | 0.007 |   0 |       30.15 |            |              | 0:00:03  |        6767 |    0 |   0 |
| hold_fixing     |           |       |     |             |            |              | 0:00:01  |        6863 |      |     |
| final_summary   |     0.007 | 0.007 |   0 |       30.15 |      13.44 |       236.67 | 0:00:06  |        6767 |    0 |   0 |
 --------------------------------------------------------------------------------------------------------------------------- 
