 ------------------------------------------------------------------------------------------------------------------------------------ 
| Snapshot                | WNS                | TNS | Density (%) | Hotspot                   | Resource               | DRVs       |
|                         | HEPG (ns) | ALL (ns)     |             | Max (bins) | Total (bins) | Real (s) | Memory (MB) | Tran | Cap |
|-------------------------+-----------+--------+-----+-------------+------------+--------------+----------+-------------+------+-----|
| initial_summary         |    -0.085 | -0.085 |  -0 |       30.33 |            |              | 0:00:01  |        6487 |    0 |   0 |
| excluded_clk_net_fixing |           |        |     |             |            |              | 0:00:00  |        6455 |      |     |
| final_summary           |    -0.085 | -0.085 |  -0 |       30.33 |      36.44 |       307.56 | 0:00:03  |        6487 |    0 |   0 |
 ------------------------------------------------------------------------------------------------------------------------------------ 
