 -------------------------------------------------------------------------------------------------- 
| Snapshot           | WNS               | TNS | Density (%) | Resource               | DRVs       |
|                    | HEPG (ns) | ALL (ns)    |             | Real (s) | Memory (MB) | Tran | Cap |
|--------------------+-----------+-------+-----+-------------+----------+-------------+------+-----|
| initial_summary    |     0.015 | 0.015 |   0 |       30.45 | 0:00:00  |        6740 |    1 |   1 |
| ccopt_pro          |           |       |     |             | 0:00:01  |       18050 |      |     |
| route_type_fixing  |           |       |     |             | 0:00:00  |        7635 |      |     |
| pre_route_summary  |     0.015 | 0.015 |   0 |       30.45 | 0:00:00  |        7635 |    0 |   0 |
| eco_route          |           |       |     |             | 0:00:04  |        7625 |      |     |
| post_route_summary |     0.022 | 0.022 |   0 |       30.45 | 0:00:02  |        7115 |    0 |   0 |
| final_summary      |     0.022 | 0.022 |   0 |       30.45 | 0:00:04  |        7115 |    0 |   0 |
 -------------------------------------------------------------------------------------------------- 
