 ------------------------------------------------------------------------------------------------------------------------------------------------------- 
| Snapshot                | WNS                  | TNS                  | Density (%) | Hotspot                   | Resource               | DRVs       |
|                         | HEPG (ns) | ALL (ns) | HEPG (ns) | ALL (ns) |             | Max (bins) | Total (bins) | Real (s) | Memory (MB) | Tran | Cap |
|-------------------------+-----------+----------+-----------+----------+-------------+------------+--------------+----------+-------------+------+-----|
| initial_summary         |     0.003 |   -0.020 |           |       -0 |       30.55 |            |              | 0:00:01  |        6517 |    0 |   0 |
| route_type_refinement   |           |          |           |          |             |            |              | 0:00:00  |        6517 |      |     |
| simplify_netlist        |           |          |           |          |             |            |              | 0:00:01  |        6574 |      |     |
| excluded_clk_net_fixing |           |          |           |          |             |            |              | 0:00:00  |        6574 |      |     |
| global_opt              |           |    0.003 |           |        0 |       30.55 |            |              | 0:00:01  |        6574 |      |     |
| area_reclaiming         |     0.001 |    0.001 |         0 |        0 |       30.46 |            |              | 0:00:03  |        6614 |      |     |
| area_reclaiming_2       |     0.000 |   -0.076 |         0 |       -0 |       30.40 |            |              | 0:00:04  |        6654 |      |     |
| area_reclaiming_3       |     0.000 |   -0.076 |         0 |       -0 |       30.39 |            |              | 0:00:02  |        6654 |      |     |
| local_wire_reclaim      |           |          |           |          |             |            |              | 0:00:12  |        6654 |      |     |
| global_route            |           |          |           |          |             |      36.44 |       347.67 | 0:00:01  |        6564 |      |     |
| route_type_refinement_2 |           |          |           |          |             |            |              | 0:00:01  |        6564 |      |     |
| drv_eco_fixing          |    -0.055 |   -0.056 |        -0 |       -0 |       30.42 |            |              | 0:00:01  |        6654 |    0 |   0 |
| tns_eco_fixing          |     0.012 |    0.003 |         0 |        0 |       30.45 |            |              | 0:00:04  |        6782 |      |     |
| final_summary           |     0.012 |    0.003 |           |        0 |       30.45 |      39.33 |       359.56 | 0:00:04  |        6574 |    0 |   0 |
 ------------------------------------------------------------------------------------------------------------------------------------------------------- 
