 ------------------------------------------------------------------------------------------------------------------------------------------------------------------- 
| Snapshot                | WNS                  | TNS                  | Density (%) | Hotspot                   | Resource               | DRVs       | Layer-OPT |
|                         | HEPG (ns) | ALL (ns) | HEPG (ns) | ALL (ns) |             | Max (bins) | Total (bins) | Real (s) | Memory (MB) | Tran | Cap | met4      |
|-------------------------+-----------+----------+-----------+----------+-------------+------------+--------------+----------+-------------+------+-----+-----------|
| initial_summary         |           |   -6.994 |           |     -255 |       28.48 |            |              | 0:00:01  |        5638 |    0 |   0 |           |
| route_type_refinement   |           |          |           |          |             |            |              | 0:00:00  |        5638 |      |     |           |
| simplify_netlist        |           |          |           |          |             |            |              | 0:00:01  |        5897 |      |     |           |
| drv_fixing              |           |          |           |          |             |            |              | 0:00:00  |        5897 |      |     |           |
| global_opt              |           |   -5.487 |           |     -169 |       30.47 |            |              | 0:00:12  |        5905 |      |     |           |
| area_reclaiming         |     0.000 |   -5.483 |         0 |     -169 |       30.26 |            |              | 0:00:02  |        5905 |      |     |           |
| incremental_replacement |           |   -6.005 |           |     -328 |             |      34.78 |       509.44 | 0:00:34  |        5905 |      |     |           |
| drv_fixing_2            |     0.000 |   -5.946 |         0 |     -196 |       30.68 |            |              | 0:00:01  |        5881 |    0 |   0 |           |
| wns_fixing              |     0.072 |   -0.455 |         0 |       -8 |       50.47 |            |              | 0:02:44  |        6463 |      |     |       103 |
| tns_fixing              |     0.092 |   -0.418 |         0 |       -7 |       50.87 |            |              | 0:00:14  |        6501 |      |     |       104 |
| area_reclaiming_2       |     0.015 |   -0.418 |         0 |       -7 |       49.27 |            |              | 0:00:06  |        6392 |      |     |       114 |
| area_reclaiming_3       |    -0.028 |   -0.459 |        -0 |       -8 |       48.53 |            |              | 0:00:07  |        6392 |      |     |        57 |
| global_route            |           |          |           |          |             |    1190.11 |      1212.33 | 0:00:02  |        6318 |      |     |           |
| route_type_refinement_2 |           |          |           |          |             |            |              | 0:00:00  |        6318 |      |     |        57 |
| drv_eco_fixing          |    -0.589 |   -0.973 |        -7 |      -24 |       48.63 |            |              | 0:00:01  |        6328 |    0 |   0 |        57 |
| wns_eco_fixing          |    -0.001 |   -0.737 |        -0 |      -18 |       49.46 |            |              | 0:00:10  |        6456 |      |     |        61 |
| tns_eco_fixing          |    -0.010 |   -0.737 |        -0 |      -15 |       49.58 |            |              | 0:00:05  |        6456 |      |     |        61 |
| tns_eco_fixing_2        |    -0.010 |   -0.737 |        -0 |      -15 |       49.58 |            |              | 0:00:02  |        6456 |      |     |        61 |
| final_summary           |    -0.166 |   -0.852 |           |      -19 |       49.58 |    1190.22 |      1247.11 | 0:00:03  |        6248 |    0 |   0 |           |
 ------------------------------------------------------------------------------------------------------------------------------------------------------------------- 
