 -------------------------------------------------------------------------------------------------- 
| Snapshot           | WNS               | TNS | Density (%) | Resource               | DRVs       |
|                    | HEPG (ns) | ALL (ns)    |             | Real (s) | Memory (MB) | Tran | Cap |
|--------------------+-----------+-------+-----+-------------+----------+-------------+------+-----|
| initial_summary    |     0.107 | 0.071 |   0 |       30.15 | 0:00:00  |        6722 |    0 |   0 |
| ccopt_pro          |           |       |     |             | 0:00:01  |       18032 |      |     |
| route_type_fixing  |           |       |     |             | 0:00:00  |        7558 |      |     |
| pre_route_summary  |     0.107 | 0.071 |   0 |       30.15 | 0:00:00  |        7558 |    0 |   0 |
| eco_route          |           |       |     |             | 0:00:03  |        7548 |      |     |
| post_route_summary |     0.108 | 0.075 |   0 |       30.15 | 0:00:02  |        7038 |    0 |   0 |
| final_summary      |     0.108 | 0.075 |   0 |       30.15 | 0:00:03  |        7038 |    0 |   0 |
 -------------------------------------------------------------------------------------------------- 
