 ------------------------------------------------------------------------------------------------------------------------------------------------------------------- 
| Snapshot                | WNS                  | TNS                  | Density (%) | Hotspot                   | Resource               | DRVs       | Layer-OPT |
|                         | HEPG (ns) | ALL (ns) | HEPG (ns) | ALL (ns) |             | Max (bins) | Total (bins) | Real (s) | Memory (MB) | Tran | Cap | met4      |
|-------------------------+-----------+----------+-----------+----------+-------------+------------+--------------+----------+-------------+------+-----+-----------|
| initial_summary         |    -0.033 |   -0.303 |           |       -5 |       46.28 |            |              | 0:00:00  |        6487 |    0 |   0 |           |
| route_type_refinement   |           |          |           |          |             |            |              | 0:00:01  |        6487 |      |     |        18 |
| simplify_netlist        |           |          |           |          |             |            |              | 0:00:00  |        6678 |      |     |           |
| excluded_clk_net_fixing |           |          |           |          |             |            |              | 0:00:00  |        6678 |      |     |           |
| global_opt              |           |   -0.273 |           |       -4 |       45.86 |            |              | 0:00:05  |        6758 |      |     |        17 |
| area_reclaiming         |     0.054 |   -0.264 |         0 |       -3 |       44.72 |            |              | 0:00:08  |        6758 |      |     |        16 |
| wns_fixing              |     0.097 |   -0.031 |         0 |       -0 |       45.68 |            |              | 0:00:37  |        6886 |      |     |        20 |
| tns_fixing              |     0.095 |   -0.033 |         0 |       -0 |       45.84 |            |              | 0:00:07  |        6886 |      |     |        20 |
| area_reclaiming_2       |     0.003 |   -0.030 |         0 |       -0 |       43.78 |            |              | 0:00:06  |        6758 |      |     |        23 |
| area_reclaiming_3       |     0.007 |   -0.016 |         0 |       -0 |       43.23 |            |              | 0:00:07  |        6758 |      |     |        18 |
| local_wire_reclaim      |           |          |           |          |             |            |              | 0:00:15  |        6758 |      |     |           |
| global_route            |           |          |           |          |             |     883.22 |       909.44 | 0:00:01  |        6668 |      |     |           |
| route_type_refinement_2 |           |          |           |          |             |            |              | 0:00:00  |        6668 |      |     |        18 |
| drv_eco_fixing          |    -0.341 |   -0.525 |        -2 |       -8 |       43.29 |            |              | 0:00:01  |        6758 |    0 |   0 |        18 |
| wns_eco_fixing          |     0.053 |   -0.016 |         0 |       -0 |       44.98 |            |              | 0:00:17  |        6886 |      |     |        29 |
| tns_eco_fixing          |     0.053 |   -0.016 |         0 |       -0 |       44.98 |            |              | 0:00:02  |        6886 |      |     |        29 |
| tns_eco_fixing_2        |     0.053 |   -0.016 |         0 |       -0 |       44.98 |            |              | 0:00:01  |        6886 |      |     |        29 |
| final_summary           |    -0.020 |   -0.215 |           |       -3 |       44.98 |     907.11 |       942.89 | 0:00:04  |        6678 |    0 |   0 |           |
 ------------------------------------------------------------------------------------------------------------------------------------------------------------------- 
