 ----------------------------------------------------------------------------------------------------------------------------------------------- 
| Snapshot        | WNS                  | TNS                  | Density (%) | Hotspot                   | Resource               | DRVs       |
|                 | HEPG (ns) | ALL (ns) | HEPG (ns) | ALL (ns) |             | Max (bins) | Total (bins) | Real (s) | Memory (MB) | Tran | Cap |
|-----------------+-----------+----------+-----------+----------+-------------+------------+--------------+----------+-------------+------+-----|
| initial_summary |           |  -13.315 |           |   -11131 |       24.97 |            |              | 0:00:01  |        5320 | 1351 | 365 |
| drv_fixing      |     0.000 |   -2.703 |         0 |     -314 |       26.10 |            |              | 0:00:06  |        5606 |    0 |   0 |
| final_summary   |    -2.566 |   -2.703 |           |     -314 |       26.10 |      75.00 |       425.56 | 0:00:02  |        5606 |    0 |   0 |
 ----------------------------------------------------------------------------------------------------------------------------------------------- 
