 ----------------------------------------------------------------------------------------------------------------------------------------------- 
| Snapshot        | WNS                  | TNS                  | Density (%) | Hotspot                   | Resource               | DRVs       |
|                 | HEPG (ns) | ALL (ns) | HEPG (ns) | ALL (ns) |             | Max (bins) | Total (bins) | Real (s) | Memory (MB) | Tran | Cap |
|-----------------+-----------+----------+-----------+----------+-------------+------------+--------------+----------+-------------+------+-----|
| initial_summary |           |  -13.820 |           |   -11432 |       24.97 |            |              | 0:00:02  |        5303 | 1520 | 538 |
| drv_fixing      |     0.000 |   -3.255 |         0 |     -321 |       26.38 |            |              | 0:00:06  |        5620 |    0 |   0 |
| final_summary   |    -3.255 |   -3.255 |           |     -321 |       26.38 |     312.22 |       663.89 | 0:00:03  |        5620 |    0 |   0 |
 ----------------------------------------------------------------------------------------------------------------------------------------------- 
