 ------------------------------------------------------------------------------------------------------------------------------------------------------- 
| Snapshot                | WNS                  | TNS                  | Density (%) | Hotspot                   | Resource               | DRVs       |
|                         | HEPG (ns) | ALL (ns) | HEPG (ns) | ALL (ns) |             | Max (bins) | Total (bins) | Real (s) | Memory (MB) | Tran | Cap |
|-------------------------+-----------+----------+-----------+----------+-------------+------------+--------------+----------+-------------+------+-----|
| initial_summary         |           |   -2.550 |           |     -310 |       26.09 |            |              | 0:00:00  |        5613 |    0 |   0 |
| route_type_refinement   |           |          |           |          |             |            |              | 0:00:00  |        5613 |      |     |
| simplify_netlist        |           |          |           |          |             |            |              | 0:00:01  |        5872 |      |     |
| drv_fixing              |           |          |           |          |             |            |              | 0:00:00  |        5872 |      |     |
| global_opt              |           |   -2.386 |           |     -122 |       27.04 |            |              | 0:00:08  |        5914 |      |     |
| area_reclaiming         |     0.000 |   -2.386 |         0 |     -122 |       26.99 |            |              | 0:00:02  |        5914 |      |     |
| incremental_replacement |           |   -2.399 |           |     -155 |             |       8.67 |       122.00 | 0:00:21  |        5914 |      |     |
| drv_fixing_2            |     0.000 |   -2.399 |         0 |     -136 |       27.05 |            |              | 0:00:01  |        5882 |    0 |   0 |
| wns_fixing              |     0.115 |    0.091 |         0 |        0 |       30.85 |            |              | 0:00:23  |        6230 |      |     |
| area_reclaiming_2       |     0.011 |   -0.078 |         0 |       -0 |       30.35 |            |              | 0:00:06  |        6376 |      |     |
| area_reclaiming_3       |     0.004 |    0.000 |         0 |        0 |       29.29 |            |              | 0:00:04  |        6376 |      |     |
| global_route            |           |          |           |          |             |     128.44 |       688.33 | 0:00:02  |        6302 |      |     |
| route_type_refinement_2 |           |          |           |          |             |            |              | 0:00:00  |        6302 |      |     |
| drv_eco_fixing          |    -0.436 |   -0.436 |        -3 |       -7 |       29.34 |            |              | 0:00:01  |        6312 |    0 |   0 |
| wns_eco_fixing          |     0.003 |    0.001 |         0 |        0 |       29.46 |            |              | 0:00:04  |        6448 |      |     |
| final_summary           |     0.004 |   -0.039 |           |       -0 |       29.46 |     128.11 |       688.00 | 0:00:03  |        6232 |    0 |   0 |
 ------------------------------------------------------------------------------------------------------------------------------------------------------- 
