 ------------------------------------------------------------------------------------------------------------------------------------------------------- 
| Snapshot                | WNS                  | TNS                  | Density (%) | Hotspot                   | Resource               | DRVs       |
|                         | HEPG (ns) | ALL (ns) | HEPG (ns) | ALL (ns) |             | Max (bins) | Total (bins) | Real (s) | Memory (MB) | Tran | Cap |
|-------------------------+-----------+----------+-----------+----------+-------------+------------+--------------+----------+-------------+------+-----|
| initial_summary         |     0.022 |    0.002 |           |        0 |       30.14 |            |              | 0:00:01  |        6419 |    0 |   0 |
| route_type_refinement   |           |          |           |          |             |            |              | 0:00:01  |        6419 |      |     |
| simplify_netlist        |           |          |           |          |             |            |              | 0:00:00  |        6553 |      |     |
| excluded_clk_net_fixing |           |          |           |          |             |            |              | 0:00:01  |        6553 |      |     |
| global_opt              |           |    0.002 |           |        0 |       30.14 |            |              | 0:00:01  |        6553 |      |     |
| area_reclaiming         |     0.024 |    0.010 |         0 |        0 |       30.04 |            |              | 0:00:02  |        6553 |      |     |
| area_reclaiming_2       |     0.010 |   -0.025 |         0 |       -0 |       29.98 |            |              | 0:00:03  |        6633 |      |     |
| area_reclaiming_3       |     0.010 |   -0.025 |         0 |       -0 |       29.97 |            |              | 0:00:02  |        6633 |      |     |
| local_wire_reclaim      |           |          |           |          |             |            |              | 0:00:11  |        6633 |      |     |
| global_route            |           |          |           |          |             |      21.22 |       305.89 | 0:00:01  |        6543 |      |     |
| route_type_refinement_2 |           |          |           |          |             |            |              | 0:00:00  |        6543 |      |     |
| drv_eco_fixing          |    -0.169 |   -0.169 |        -0 |       -1 |       29.99 |            |              | 0:00:00  |        6633 |    0 |   0 |
| wns_eco_fixing          |     0.015 |    0.003 |         0 |        0 |       30.04 |            |              | 0:00:06  |        6780 |      |     |
| final_summary           |     0.015 |   -0.021 |           |       -0 |       30.04 |      23.44 |       297.89 | 0:00:03  |        6572 |    0 |   0 |
 ------------------------------------------------------------------------------------------------------------------------------------------------------- 
