 ------------------------------------------------------------------------------------------------------------------------------------------------------- 
| Snapshot                | WNS                  | TNS                  | Density (%) | Hotspot                   | Resource               | DRVs       |
|                         | HEPG (ns) | ALL (ns) | HEPG (ns) | ALL (ns) |             | Max (bins) | Total (bins) | Real (s) | Memory (MB) | Tran | Cap |
|-------------------------+-----------+----------+-----------+----------+-------------+------------+--------------+----------+-------------+------+-----|
| initial_summary         |           |   -3.085 |           |     -347 |       26.39 |            |              | 0:00:00  |        5546 |    0 |   0 |
| route_type_refinement   |           |          |           |          |             |            |              | 0:00:01  |        5546 |      |     |
| simplify_netlist        |           |          |           |          |             |            |              | 0:00:00  |        5795 |      |     |
| drv_fixing              |           |          |           |          |             |            |              | 0:00:00  |        5795 |      |     |
| global_opt              |           |   -2.828 |           |     -157 |       27.42 |            |              | 0:00:08  |        5835 |      |     |
| area_reclaiming         |     0.000 |   -2.828 |         0 |     -157 |       27.34 |            |              | 0:00:02  |        5835 |      |     |
| incremental_replacement |           |   -3.095 |           |     -223 |             |      12.67 |       172.22 | 0:00:22  |        5835 |      |     |
| drv_fixing_2            |     0.000 |   -3.096 |         0 |     -178 |       27.49 |            |              | 0:00:02  |        5795 |    0 |   0 |
| wns_fixing              |     0.073 |    0.073 |         0 |        0 |       31.77 |            |              | 0:00:22  |        6227 |      |     |
| area_reclaiming_2       |     0.003 |   -0.002 |         0 |       -0 |       31.24 |            |              | 0:00:04  |        6260 |      |     |
| area_reclaiming_3       |     0.006 |    0.000 |         0 |        0 |       29.96 |            |              | 0:00:05  |        6260 |      |     |
| global_route            |           |          |           |          |             |     117.67 |       759.11 | 0:00:01  |        6186 |      |     |
| route_type_refinement_2 |           |          |           |          |             |            |              | 0:00:01  |        6186 |      |     |
| drv_eco_fixing          |    -0.407 |   -0.407 |        -3 |       -6 |       30.01 |            |              | 0:00:01  |        6196 |    0 |   0 |
| wns_eco_fixing          |     0.003 |    0.002 |         0 |        0 |       30.09 |            |              | 0:00:03  |        6324 |      |     |
| final_summary           |    -0.081 |   -0.081 |           |       -0 |       30.09 |     112.89 |       758.11 | 0:00:03  |        6116 |    0 |   0 |
 ------------------------------------------------------------------------------------------------------------------------------------------------------- 
