 --------------------------------------------------------------------------------------------------------------------------- 
| Snapshot        | WNS               | TNS | Density (%) | Hotspot                   | Resource               | DRVs       |
|                 | HEPG (ns) | ALL (ns)    |             | Max (bins) | Total (bins) | Real (s) | Memory (MB) | Tran | Cap |
|-----------------+-----------+-------+-----+-------------+------------+--------------+----------+-------------+------+-----|
| initial_summary |     0.027 | 0.003 |   0 |       30.11 |            |              | 0:00:04  |        6717 |    0 |   0 |
| hold_fixing     |           |       |     |             |            |              | 0:00:01  |        6813 |      |     |
| final_summary   |     0.027 | 0.003 |   0 |       30.11 |      14.33 |       214.78 | 0:00:05  |        6717 |    0 |   0 |
 --------------------------------------------------------------------------------------------------------------------------- 
