 ------------------------------------------------------------------------------------------------------------------------------------------------------------------- 
| Snapshot                | WNS                  | TNS                  | Density (%) | Hotspot                   | Resource               | DRVs       | Layer-OPT |
|                         | HEPG (ns) | ALL (ns) | HEPG (ns) | ALL (ns) |             | Max (bins) | Total (bins) | Real (s) | Memory (MB) | Tran | Cap | met4      |
|-------------------------+-----------+----------+-----------+----------+-------------+------------+--------------+----------+-------------+------+-----+-----------|
| initial_summary         |     0.013 |   -0.461 |           |       -7 |       87.21 |            |              | 0:00:01  |        6693 |    0 |   0 |           |
| route_type_refinement   |           |          |           |          |             |            |              | 0:00:00  |        6693 |      |     |        18 |
| simplify_netlist        |           |          |           |          |             |            |              | 0:00:00  |        6693 |      |     |           |
| excluded_clk_net_fixing |           |          |           |          |             |            |              | 0:00:00  |        6693 |      |     |           |
| global_opt              |           |   -0.412 |           |       -5 |       86.52 |            |              | 0:00:08  |        6773 |      |     |        16 |
| area_reclaiming         |     0.026 |   -0.373 |         0 |       -4 |       85.62 |            |              | 0:00:06  |        6728 |      |     |        16 |
| wns_fixing              |     0.176 |    0.035 |         0 |        0 |       86.72 |            |              | 0:00:58  |        6930 |      |     |        25 |
| area_reclaiming_2       |     0.068 |   -0.006 |         0 |       -0 |       83.88 |            |              | 0:00:06  |        6802 |      |     |        25 |
| area_reclaiming_3       |     0.082 |   -0.013 |         0 |       -0 |       83.47 |            |              | 0:00:05  |        6802 |      |     |        18 |
| local_wire_reclaim      |           |          |           |          |             |            |              | 0:00:25  |        6802 |      |     |           |
| global_route            |           |          |           |          |             |     717.00 |       717.00 | 0:00:01  |        6704 |      |     |           |
| route_type_refinement_2 |           |          |           |          |             |            |              | 0:00:00  |        6704 |      |     |        18 |
| drv_eco_fixing          |    -0.308 |   -0.442 |        -2 |       -7 |       83.69 |            |              | 0:00:01  |        6794 |    0 |   0 |        18 |
| wns_eco_fixing          |     0.182 |    0.001 |         0 |        0 |       86.42 |            |              | 0:00:11  |        6941 |      |     |        24 |
| final_summary           |     0.026 |   -0.161 |           |       -2 |       86.42 |     720.00 |       720.00 | 0:00:03  |        6733 |    0 |   0 |           |
 ------------------------------------------------------------------------------------------------------------------------------------------------------------------- 
