 -------------------------------------------------------------------------------------------------- 
| Snapshot           | WNS               | TNS | Density (%) | Resource               | DRVs       |
|                    | HEPG (ns) | ALL (ns)    |             | Real (s) | Memory (MB) | Tran | Cap |
|--------------------+-----------+-------+-----+-------------+----------+-------------+------+-----|
| initial_summary    |     0.036 | 0.036 |   0 |       30.26 | 0:00:03  |       11326 |    0 |   0 |
| ccopt_pro          |           |       |     |             | 0:00:01  |       22636 |      |     |
| route_type_fixing  |           |       |     |             | 0:00:00  |       11846 |      |     |
| pre_route_summary  |     0.035 | 0.035 |   0 |       30.26 | 0:00:00  |       11846 |    0 |   0 |
| eco_route          |           |       |     |             | 0:00:02  |       11846 |      |     |
| post_route_summary |     0.037 | 0.035 |   0 |       30.26 | 0:00:01  |       11326 |    0 |   0 |
| final_summary      |     0.037 | 0.035 |   0 |       30.26 | 0:00:04  |       11326 |    0 |   0 |
 -------------------------------------------------------------------------------------------------- 
