 ------------------------------------------------------------------------------------------------------------------------------------------------------------------- 
| Snapshot                | WNS                  | TNS                  | Density (%) | Hotspot                   | Resource               | DRVs       | Layer-OPT |
|                         | HEPG (ns) | ALL (ns) | HEPG (ns) | ALL (ns) |             | Max (bins) | Total (bins) | Real (s) | Memory (MB) | Tran | Cap | met4      |
|-------------------------+-----------+----------+-----------+----------+-------------+------------+--------------+----------+-------------+------+-----+-----------|
| initial_summary         |    -0.429 |   -0.889 |           |      -22 |       44.67 |            |              | 0:00:02  |        6551 |    4 |  10 |           |
| route_type_refinement   |           |          |           |          |             |            |              | 0:00:01  |        6551 |      |     |        41 |
| simplify_netlist        |           |          |           |          |             |            |              | 0:00:01  |        6551 |      |     |           |
| excluded_clk_net_fixing |           |          |           |          |             |            |              | 0:00:00  |        6551 |      |     |           |
| drv_fixing              |    -0.429 |   -0.889 |        -5 |      -20 |       44.82 |            |              | 0:00:02  |        6631 |    0 |   0 |        41 |
| global_opt              |           |   -0.566 |           |      -10 |       43.28 |            |              | 0:00:09  |        6631 |      |     |        39 |
| area_reclaiming         |    -0.106 |   -0.534 |        -0 |       -9 |       42.16 |            |              | 0:00:07  |        6631 |      |     |        37 |
| wns_fixing              |     0.129 |   -0.173 |         0 |       -2 |       45.63 |            |              | 0:00:43  |        6767 |      |     |        56 |
| tns_fixing              |     0.120 |   -0.161 |         0 |       -2 |       45.81 |            |              | 0:00:07  |        6767 |      |     |        57 |
| area_reclaiming_2       |     0.004 |   -0.153 |         0 |       -2 |       44.65 |            |              | 0:00:06  |        6639 |      |     |        60 |
| area_reclaiming_3       |     0.029 |   -0.143 |         0 |       -2 |       44.10 |            |              | 0:00:07  |        6639 |      |     |        44 |
| local_wire_reclaim      |           |          |           |          |             |            |              | 0:00:15  |        6575 |      |     |           |
| global_route            |           |          |           |          |             |     856.56 |       873.44 | 0:00:01  |        6477 |      |     |           |
| route_type_refinement_2 |           |          |           |          |             |            |              | 0:00:00  |        6477 |      |     |        44 |
| drv_eco_fixing          |    -0.438 |   -0.521 |        -6 |       -9 |       44.15 |            |              | 0:00:01  |        6567 |    0 |   0 |        44 |
| wns_eco_fixing          |     0.090 |   -0.113 |         0 |       -1 |       46.29 |            |              | 0:00:19  |        6695 |      |     |        45 |
| tns_eco_fixing          |     0.090 |   -0.108 |         0 |       -1 |       46.28 |            |              | 0:00:03  |        6695 |      |     |        45 |
| tns_eco_fixing_2        |     0.090 |   -0.108 |         0 |       -1 |       46.28 |            |              | 0:00:00  |        6695 |      |     |        45 |
| final_summary           |    -0.033 |   -0.303 |           |       -5 |       46.28 |     897.78 |       926.33 | 0:00:04  |        6487 |    0 |   0 |           |
 ------------------------------------------------------------------------------------------------------------------------------------------------------------------- 
