 ----------------------------------------------------------------------------------------------------------------------------------------------- 
| Snapshot        | WNS                  | TNS                  | Density (%) | Hotspot                   | Resource               | DRVs       |
|                 | HEPG (ns) | ALL (ns) | HEPG (ns) | ALL (ns) |             | Max (bins) | Total (bins) | Real (s) | Memory (MB) | Tran | Cap |
|-----------------+-----------+----------+-----------+----------+-------------+------------+--------------+----------+-------------+------+-----|
| initial_summary |           |  -11.444 |           |   -10100 |       24.97 |            |              | 0:00:01  |        5291 | 1498 | 528 |
| drv_fixing      |     0.000 |   -3.214 |         0 |     -360 |       26.21 |            |              | 0:00:06  |        5624 |    0 |   0 |
| final_summary   |    -3.214 |   -3.214 |           |     -360 |       26.21 |     222.78 |       596.56 | 0:00:02  |        5624 |    0 |   0 |
 ----------------------------------------------------------------------------------------------------------------------------------------------- 
