 ----------------------------------------------------------------------------------------------------------------------------------------------- 
| Snapshot        | WNS                  | TNS                  | Density (%) | Hotspot                   | Resource               | DRVs       |
|                 | HEPG (ns) | ALL (ns) | HEPG (ns) | ALL (ns) |             | Max (bins) | Total (bins) | Real (s) | Memory (MB) | Tran | Cap |
|-----------------+-----------+----------+-----------+----------+-------------+------------+--------------+----------+-------------+------+-----|
| initial_summary |           |  -11.841 |           |    -3711 |       24.98 |            |              | 0:00:02  |        5287 | 1422 | 895 |
| drv_fixing      |     0.000 |   -7.189 |         0 |     -264 |       28.20 |            |              | 0:00:06  |        5620 |    0 |   0 |
| final_summary   |    -5.285 |   -7.189 |           |     -264 |       28.20 |     675.00 |       770.11 | 0:00:03  |        5620 |    0 |   0 |
 ----------------------------------------------------------------------------------------------------------------------------------------------- 
