 ------------------------------------------------------------------------------------------------------------------------------------------------------------------- 
| Snapshot                | WNS                  | TNS                  | Density (%) | Hotspot                   | Resource               | DRVs       | Layer-OPT |
|                         | HEPG (ns) | ALL (ns) | HEPG (ns) | ALL (ns) |             | Max (bins) | Total (bins) | Real (s) | Memory (MB) | Tran | Cap | met4      |
|-------------------------+-----------+----------+-----------+----------+-------------+------------+--------------+----------+-------------+------+-----+-----------|
| initial_summary         |    -0.844 |   -1.432 |           |      -34 |       77.28 |            |              | 0:00:02  |        6387 |    7 |  26 |           |
| route_type_refinement   |           |          |           |          |             |            |              | 0:00:00  |        6387 |      |     |         8 |
| simplify_netlist        |           |          |           |          |             |            |              | 0:00:01  |        6387 |      |     |           |
| excluded_clk_net_fixing |           |          |           |          |             |            |              | 0:00:00  |        6387 |      |     |           |
| drv_fixing              |    -0.715 |   -1.368 |       -10 |      -33 |       77.87 |            |              | 0:00:02  |        6467 |    0 |   0 |         8 |
| global_opt              |           |   -0.985 |           |      -21 |       77.05 |            |              | 0:00:11  |        6467 |      |     |         6 |
| area_reclaiming         |    -0.307 |   -0.973 |        -2 |      -20 |       75.42 |            |              | 0:00:06  |        6467 |      |     |         6 |
| wns_fixing              |    -5.710 |   -6.071 |       -73 |      -91 |       91.57 |            |              | 0:01:33  |        6766 |      |     |        59 |
| tns_fixing              |    -0.330 |   -0.818 |        -2 |       -9 |       93.10 |            |              | 0:00:37  |        6766 |      |     |        67 |
| area_reclaiming_2       |    -0.041 |   -0.578 |        -0 |       -6 |       89.10 |            |              | 0:00:06  |        6638 |      |     |        66 |
| area_reclaiming_3       |     0.008 |   -0.501 |         0 |       -5 |       87.02 |            |              | 0:00:09  |        6638 |      |     |        20 |
| local_wire_reclaim      |           |          |           |          |             |            |              | 0:00:22  |        6638 |      |     |           |
| global_route            |           |          |           |          |             |     701.00 |       703.00 | 0:00:02  |        6516 |      |     |           |
| route_type_refinement_2 |           |          |           |          |             |            |              | 0:00:00  |        6516 |      |     |        20 |
| drv_eco_fixing          |    -0.222 |   -0.669 |        -1 |      -11 |       87.33 |            |              | 0:00:01  |        6606 |    0 |   0 |        20 |
| tns_eco_fixing          |     0.021 |   -0.372 |         0 |       -4 |       87.21 |            |              | 0:00:12  |        6734 |      |     |        20 |
| tns_eco_fixing_2        |     0.021 |   -0.372 |         0 |       -4 |       87.21 |            |              | 0:00:01  |        6734 |      |     |        20 |
| initial_summary_2       |     0.013 |   -0.461 |           |       -7 |       87.21 |            |              | 0:00:04  |        6526 |    0 |   0 |           |
| hold_fixing             |           |          |           |          |             |            |              | 0:00:00  |        6622 |      |     |           |
| final_summary           |     0.013 |   -0.461 |           |       -7 |       87.21 |     705.00 |       706.00 | 0:00:06  |        6693 |    0 |   0 |           |
 ------------------------------------------------------------------------------------------------------------------------------------------------------------------- 
