 ----------------------------------------------------------------------------------------------------------------------------------------------- 
| Snapshot        | WNS                  | TNS                  | Density (%) | Hotspot                   | Resource               | DRVs       |
|                 | HEPG (ns) | ALL (ns) | HEPG (ns) | ALL (ns) |             | Max (bins) | Total (bins) | Real (s) | Memory (MB) | Tran | Cap |
|-----------------+-----------+----------+-----------+----------+-------------+------------+--------------+----------+-------------+------+-----|
| initial_summary |           |  -13.138 |           |   -10938 |       24.97 |            |              | 0:00:02  |        5320 | 1355 | 364 |
| drv_fixing      |     0.000 |   -2.550 |         0 |     -310 |       26.09 |            |              | 0:00:07  |        5613 |    0 |   0 |
| final_summary   |    -2.473 |   -2.550 |           |     -310 |       26.09 |      46.11 |       416.44 | 0:00:02  |        5613 |    0 |   0 |
 ----------------------------------------------------------------------------------------------------------------------------------------------- 
