 ---------------------------------------------------------------------------------------------------------------------------------- 
| Snapshot           | WNS                  | TNS                  | Density (%) | Resource               | DRVs       | Layer-OPT |
|                    | HEPG (ns) | ALL (ns) | HEPG (ns) | ALL (ns) |             | Real (s) | Memory (MB) | Tran | Cap | met4      |
|--------------------+-----------+----------+-----------+----------+-------------+----------+-------------+------+-----+-----------|
| initial_summary    |    -0.812 |   -1.447 |           |      -26 |       72.07 | 0:00:04  |       11528 |   28 |  44 |           |
| ccopt_pro          |           |          |           |          |             | 0:00:01  |       22838 |      |     |           |
| wns_fixing         |     0.040 |   -0.151 |         0 |       -2 |       73.66 | 0:00:08  |       12272 |      |     |        34 |
| tns_fixing         |     0.043 |   -0.151 |         0 |       -2 |       73.66 | 0:00:02  |       12280 |      |     |        34 |
| route_type_fixing  |           |          |           |          |             | 0:00:01  |       12152 |      |     |           |
| pre_route_summary  |     0.043 |   -0.151 |           |       -2 |       73.66 | 0:00:00  |       12152 |    0 |   0 |           |
| eco_route          |           |          |           |          |             | 0:01:26  |       12078 |      |     |           |
| post_route_summary |    -0.043 |   -0.325 |           |       -5 |       73.66 | 0:00:01  |       11536 |    0 |   0 |           |
| tns_eco_fixing     |    -0.043 |   -0.325 |        -0 |       -5 |       73.66 | 0:00:01  |       12192 |      |     |        30 |
| final_summary      |    -0.043 |   -0.325 |           |       -5 |       73.66 | 0:00:03  |       12064 |    0 |   0 |           |
 ---------------------------------------------------------------------------------------------------------------------------------- 
