 ----------------------------------------------------------------------------------------------------------------------------------------------- 
| Snapshot        | WNS                  | TNS                  | Density (%) | Hotspot                   | Resource               | DRVs       |
|                 | HEPG (ns) | ALL (ns) | HEPG (ns) | ALL (ns) |             | Max (bins) | Total (bins) | Real (s) | Memory (MB) | Tran | Cap |
|-----------------+-----------+----------+-----------+----------+-------------+------------+--------------+----------+-------------+------+-----|
| initial_summary |           |  -13.253 |           |   -11569 |       24.97 |            |              | 0:00:01  |        5298 | 1477 | 497 |
| drv_fixing      |     0.000 |   -3.439 |         0 |     -307 |       26.36 |            |              | 0:00:06  |        5617 |    0 |   0 |
| final_summary   |    -3.439 |   -3.439 |           |     -307 |       26.36 |     315.33 |       523.44 | 0:00:03  |        5617 |    0 |   0 |
 ----------------------------------------------------------------------------------------------------------------------------------------------- 
