 ----------------------------------------------------------------------------------------------------------------------------------------------- 
| Snapshot        | WNS                  | TNS                  | Density (%) | Hotspot                   | Resource               | DRVs       |
|                 | HEPG (ns) | ALL (ns) | HEPG (ns) | ALL (ns) |             | Max (bins) | Total (bins) | Real (s) | Memory (MB) | Tran | Cap |
|-----------------+-----------+----------+-----------+----------+-------------+------------+--------------+----------+-------------+------+-----|
| initial_summary |           |  -10.290 |           |    -3595 |       24.98 |            |              | 0:00:02  |        5415 | 1224 | 690 |
| drv_fixing      |     0.000 |   -6.529 |         0 |     -218 |       27.72 |            |              | 0:00:06  |        5722 |    0 |   0 |
| final_summary   |    -4.814 |   -6.529 |           |     -218 |       27.72 |     732.33 |       796.67 | 0:00:02  |        5722 |    0 |   0 |
 ----------------------------------------------------------------------------------------------------------------------------------------------- 
