 ------------------------------------------------------------------------------------------------------------------------------------ 
| Snapshot                | WNS                | TNS | Density (%) | Hotspot                   | Resource               | DRVs       |
|                         | HEPG (ns) | ALL (ns)     |             | Max (bins) | Total (bins) | Real (s) | Memory (MB) | Tran | Cap |
|-------------------------+-----------+--------+-----+-------------+------------+--------------+----------+-------------+------+-----|
| initial_summary         |    -0.033 | -0.303 |  -5 |       46.28 |            |              | 0:00:00  |        6404 |    0 |   0 |
| excluded_clk_net_fixing |           |        |     |             |            |              | 0:00:00  |        6372 |      |     |
| final_summary           |    -0.033 | -0.303 |  -5 |       46.28 |     897.78 |       926.33 | 0:00:04  |        6404 |    0 |   0 |
 ------------------------------------------------------------------------------------------------------------------------------------ 
