 ---------------------------------------------------------------------------------------------------------------------------- 
| Snapshot        | WNS                | TNS | Density (%) | Hotspot                   | Resource               | DRVs       |
|                 | HEPG (ns) | ALL (ns)     |             | Max (bins) | Total (bins) | Real (s) | Memory (MB) | Tran | Cap |
|-----------------+-----------+--------+-----+-------------+------------+--------------+----------+-------------+------+-----|
| initial_summary |     0.015 | -0.021 |  -0 |       30.04 |            |              | 0:00:04  |        6794 |    0 |   0 |
| hold_fixing     |           |        |     |             |            |              | 0:00:00  |        6890 |      |     |
| final_summary   |     0.015 | -0.021 |  -0 |       30.04 |      23.44 |       297.89 | 0:00:05  |        6794 |    0 |   0 |
 ---------------------------------------------------------------------------------------------------------------------------- 
