 ------------------------------------------------------------------------------------------------------------------------------------------------------- 
| Snapshot                | WNS                  | TNS                  | Density (%) | Hotspot                   | Resource               | DRVs       |
|                         | HEPG (ns) | ALL (ns) | HEPG (ns) | ALL (ns) |             | Max (bins) | Total (bins) | Real (s) | Memory (MB) | Tran | Cap |
|-------------------------+-----------+----------+-----------+----------+-------------+------------+--------------+----------+-------------+------+-----|
| initial_summary         |     0.003 |    0.002 |           |        0 |       30.14 |            |              | 0:00:00  |        6378 |    0 |   0 |
| route_type_refinement   |           |          |           |          |             |            |              | 0:00:00  |        6378 |      |     |
| simplify_netlist        |           |          |           |          |             |            |              | 0:00:01  |        6482 |      |     |
| excluded_clk_net_fixing |           |          |           |          |             |            |              | 0:00:00  |        6482 |      |     |
| global_opt              |           |    0.002 |           |        0 |       30.14 |            |              | 0:00:00  |        6482 |      |     |
| area_reclaiming         |     0.003 |    0.002 |         0 |        0 |       30.04 |            |              | 0:00:02  |        6482 |      |     |
| area_reclaiming_2       |     0.004 |    0.004 |         0 |        0 |       29.98 |            |              | 0:00:03  |        6562 |      |     |
| area_reclaiming_3       |     0.004 |    0.004 |         0 |        0 |       29.97 |            |              | 0:00:02  |        6562 |      |     |
| local_wire_reclaim      |           |          |           |          |             |            |              | 0:00:11  |        6562 |      |     |
| global_route            |           |          |           |          |             |      38.00 |       361.56 | 0:00:01  |        6472 |      |     |
| route_type_refinement_2 |           |          |           |          |             |            |              | 0:00:00  |        6472 |      |     |
| drv_eco_fixing          |    -0.143 |   -0.143 |        -0 |       -0 |       29.99 |            |              | 0:00:01  |        6562 |    0 |   0 |
| tns_eco_fixing          |     0.005 |    0.003 |         0 |        0 |       30.01 |            |              | 0:00:06  |        6690 |      |     |
| final_summary           |     0.005 |    0.005 |           |        0 |       30.01 |      39.22 |       365.67 | 0:00:03  |        6482 |    0 |   0 |
 ------------------------------------------------------------------------------------------------------------------------------------------------------- 
