 ------------------------------------------------------------------------------------------------------------------------------------------------------- 
| Snapshot                | WNS                  | TNS                  | Density (%) | Hotspot                   | Resource               | DRVs       |
|                         | HEPG (ns) | ALL (ns) | HEPG (ns) | ALL (ns) |             | Max (bins) | Total (bins) | Real (s) | Memory (MB) | Tran | Cap |
|-------------------------+-----------+----------+-----------+----------+-------------+------------+--------------+----------+-------------+------+-----|
| initial_summary         |           |   -3.439 |           |     -307 |       26.36 |            |              | 0:00:00  |        5617 |    0 |   0 |
| route_type_refinement   |           |          |           |          |             |            |              | 0:00:01  |        5617 |      |     |
| simplify_netlist        |           |          |           |          |             |            |              | 0:00:01  |        5876 |      |     |
| drv_fixing              |           |          |           |          |             |            |              | 0:00:00  |        5876 |      |     |
| global_opt              |           |   -3.049 |           |     -142 |       27.34 |            |              | 0:00:08  |        5908 |      |     |
| area_reclaiming         |     0.000 |   -3.049 |         0 |     -141 |       27.26 |            |              | 0:00:02  |        5908 |      |     |
| incremental_replacement |           |   -3.141 |           |     -194 |             |       5.11 |        86.89 | 0:00:23  |        5908 |      |     |
| drv_fixing_2            |     0.000 |   -3.141 |         0 |     -164 |       27.40 |            |              | 0:00:01  |        5884 |    0 |   0 |
| wns_fixing              |     0.078 |    0.077 |         0 |        0 |       31.47 |            |              | 0:00:20  |        6208 |      |     |
| area_reclaiming_2       |     0.001 |    0.001 |         0 |        0 |       30.94 |            |              | 0:00:04  |        6164 |      |     |
| area_reclaiming_3       |     0.004 |    0.004 |         0 |        0 |       29.63 |            |              | 0:00:05  |        6164 |      |     |
| global_route            |           |          |           |          |             |      90.89 |       685.44 | 0:00:01  |        6090 |      |     |
| route_type_refinement_2 |           |          |           |          |             |            |              | 0:00:00  |        6090 |      |     |
| drv_eco_fixing          |    -0.541 |   -0.541 |        -4 |       -7 |       29.68 |            |              | 0:00:00  |        6100 |    0 |   0 |
| wns_eco_fixing          |     0.001 |    0.000 |         0 |        0 |       29.82 |            |              | 0:00:04  |        6266 |      |     |
| final_summary           |     0.002 |   -0.069 |           |       -0 |       29.82 |      90.56 |       692.56 | 0:00:03  |        6058 |    0 |   0 |
 ------------------------------------------------------------------------------------------------------------------------------------------------------- 
