 -------------------------------------------------------------------------------------------------- 
| Snapshot           | WNS               | TNS | Density (%) | Resource               | DRVs       |
|                    | HEPG (ns) | ALL (ns)    |             | Real (s) | Memory (MB) | Tran | Cap |
|--------------------+-----------+-------+-----+-------------+----------+-------------+------+-----|
| initial_summary    |     0.075 | 0.015 |   0 |       30.11 | 0:00:03  |       11348 |    0 |   0 |
| ccopt_pro          |           |       |     |             | 0:00:01  |       22658 |      |     |
| route_type_fixing  |           |       |     |             | 0:00:00  |       11868 |      |     |
| pre_route_summary  |     0.075 | 0.015 |   0 |       30.11 | 0:00:00  |       11868 |    0 |   0 |
| eco_route          |           |       |     |             | 0:00:07  |       11858 |      |     |
| post_route_summary |     0.073 | 0.013 |   0 |       30.11 | 0:00:01  |       11348 |    0 |   0 |
| final_summary      |     0.073 | 0.013 |   0 |       30.11 | 0:00:03  |       11348 |    0 |   0 |
 -------------------------------------------------------------------------------------------------- 
