 ------------------------------------------------------------------------------------------------------------------------------------------------------------------- 
| Snapshot                | WNS                  | TNS                  | Density (%) | Hotspot                   | Resource               | DRVs       | Layer-OPT |
|                         | HEPG (ns) | ALL (ns) | HEPG (ns) | ALL (ns) |             | Max (bins) | Total (bins) | Real (s) | Memory (MB) | Tran | Cap | met4      |
|-------------------------+-----------+----------+-----------+----------+-------------+------------+--------------+----------+-------------+------+-----+-----------|
| initial_summary         |    -0.350 |   -0.965 |           |      -28 |       93.40 |            |              | 0:00:01  |        6425 |    2 |   8 |           |
| route_type_refinement   |           |          |           |          |             |            |              | 0:00:00  |        6425 |      |     |           |
| simplify_netlist        |           |          |           |          |             |            |              | 0:00:01  |        6425 |      |     |           |
| excluded_clk_net_fixing |           |          |           |          |             |            |              | 0:00:00  |        6425 |      |     |           |
| drv_fixing              |    -0.349 |   -0.957 |        -4 |      -28 |       93.85 |            |              | 0:00:01  |        6505 |    0 |   0 |           |
| global_opt              |           |   -0.654 |           |      -17 |       92.61 |            |              | 0:00:08  |        6505 |      |     |           |
| area_reclaiming         |     0.002 |   -0.641 |         0 |      -16 |       91.08 |            |              | 0:00:04  |        6505 |      |     |           |
| wns_fixing              |    -0.336 |   -0.907 |        -2 |      -11 |       95.30 |            |              | 0:00:41  |        6641 |      |     |         5 |
| tns_fixing              |     0.281 |   -0.154 |         0 |       -2 |       95.46 |            |              | 0:00:08  |        6649 |      |     |         5 |
| area_reclaiming_2       |     0.035 |   -0.104 |         0 |       -1 |       92.28 |            |              | 0:00:05  |        6521 |      |     |         5 |
| area_reclaiming_3       |     0.032 |   -0.088 |         0 |       -1 |       91.50 |            |              | 0:00:03  |        6521 |      |     |         2 |
| local_wire_reclaim      |           |          |           |          |             |            |              | 0:00:18  |        6521 |      |     |           |
| global_route            |           |          |           |          |             |     508.00 |       508.00 | 0:00:01  |        6415 |      |     |           |
| route_type_refinement_2 |           |          |           |          |             |            |              | 0:00:00  |        6415 |      |     |         2 |
| drv_eco_fixing          |    -0.374 |   -0.422 |        -4 |      -10 |       91.87 |            |              | 0:00:01  |        6505 |    0 |   0 |         2 |
| wns_eco_fixing          |     0.167 |    0.000 |         0 |        0 |       94.69 |            |              | 0:00:06  |        6633 |      |     |         2 |
| initial_summary_2       |     0.082 |   -0.272 |           |       -5 |       94.69 |            |              | 0:00:03  |        6425 |    0 |   0 |           |
| hold_fixing             |           |          |           |          |             |            |              | 0:00:00  |        6521 |      |     |           |
| final_summary           |     0.082 |   -0.272 |           |       -5 |       94.69 |     531.00 |       531.00 | 0:00:05  |        6630 |    0 |   0 |           |
 ------------------------------------------------------------------------------------------------------------------------------------------------------------------- 
