 -------------------------------------------------------------------------------------------------- 
| Snapshot           | WNS               | TNS | Density (%) | Resource               | DRVs       |
|                    | HEPG (ns) | ALL (ns)    |             | Real (s) | Memory (MB) | Tran | Cap |
|--------------------+-----------+-------+-----+-------------+----------+-------------+------+-----|
| initial_summary    |     0.063 | 0.040 |   0 |       30.26 | 0:00:02  |       11347 |    0 |   0 |
| ccopt_pro          |           |       |     |             | 0:00:01  |       22657 |      |     |
| route_type_fixing  |           |       |     |             | 0:00:00  |       11867 |      |     |
| pre_route_summary  |     0.063 | 0.040 |   0 |       30.26 | 0:00:01  |       11867 |    0 |   0 |
| eco_route          |           |       |     |             | 0:00:02  |       11857 |      |     |
| post_route_summary |     0.062 | 0.037 |   0 |       30.26 | 0:00:02  |       11347 |    0 |   0 |
| final_summary      |     0.062 | 0.037 |   0 |       30.26 | 0:00:02  |       11347 |    0 |   0 |
 -------------------------------------------------------------------------------------------------- 
