 ------------------------------------------------------------------------------------------------------------------------------------------------------------------- 
| Snapshot                | WNS                  | TNS                  | Density (%) | Hotspot                   | Resource               | DRVs       | Layer-OPT |
|                         | HEPG (ns) | ALL (ns) | HEPG (ns) | ALL (ns) |             | Max (bins) | Total (bins) | Real (s) | Memory (MB) | Tran | Cap | met4      |
|-------------------------+-----------+----------+-----------+----------+-------------+------------+--------------+----------+-------------+------+-----+-----------|
| initial_summary         |           |  -11.221 |           |    -3281 |       49.95 |            |              | 0:00:02  |        5342 |  929 | 565 |           |
| simplify_netlist        |           |          |           |          |             |            |              | 0:00:01  |        5640 |      |     |           |
| drv_fixing              |           |          |           |          |             |            |              | 0:00:00  |        5640 |      |     |           |
| drv_fixing_2            |     0.000 |   -6.617 |         0 |     -241 |       54.45 |            |              | 0:00:03  |        5776 |    4 |   4 |           |
| global_opt              |           |   -5.323 |           |     -158 |       58.51 |            |              | 0:00:11  |        5776 |      |     |         1 |
| area_reclaiming         |     0.000 |   -5.320 |         0 |     -159 |       57.92 |            |              | 0:00:02  |        5776 |      |     |         1 |
| incremental_replacement |    -3.697 |   -4.911 |           |     -242 |             |     615.00 |       615.00 | 0:00:55  |        6256 |      |     |           |
| drv_fixing_3            |    -4.853 |   -4.852 |      -148 |     -148 |       58.67 |            |              | 0:00:01  |        5784 |    0 |   0 |         1 |
| tns_fixing              |    -3.256 |   -4.619 |       -72 |     -135 |       59.32 |            |              | 0:00:10  |        5928 |      |     |         1 |
| wns_fixing              |     0.072 |   -0.392 |         0 |       -7 |       76.55 |            |              | 0:01:18  |        6247 |      |     |        19 |
| tns_fixing_2            |     0.095 |   -0.367 |         0 |       -5 |       79.26 |            |              | 0:00:11  |        6266 |      |     |        19 |
| area_reclaiming_2       |     0.091 |   -0.357 |         0 |       -5 |       77.78 |            |              | 0:00:04  |        6138 |      |     |        21 |
| area_reclaiming_3       |     0.091 |   -0.361 |         0 |       -5 |       76.99 |            |              | 0:00:06  |        6138 |      |     |        11 |
| drv_eco_fixing          |     0.091 |   -0.361 |         0 |       -5 |       77.03 |            |              | 0:00:00  |        6138 |    0 |   0 |        11 |
| tns_eco_fixing          |     0.091 |   -0.361 |         0 |       -5 |       77.05 |            |              | 0:00:04  |        6266 |      |     |        11 |
| final_summary           |    -0.100 |   -0.613 |           |      -10 |       77.05 |            |              | 0:00:02  |        5994 |    0 |   0 |           |
 ------------------------------------------------------------------------------------------------------------------------------------------------------------------- 
