 ------------------------------------------------------------------------------------------------------------------------------------------------------------------- 
| Snapshot                | WNS                  | TNS                  | Density (%) | Hotspot                   | Resource               | DRVs       | Layer-OPT |
|                         | HEPG (ns) | ALL (ns) | HEPG (ns) | ALL (ns) |             | Max (bins) | Total (bins) | Real (s) | Memory (MB) | Tran | Cap | met4      |
|-------------------------+-----------+----------+-----------+----------+-------------+------------+--------------+----------+-------------+------+-----+-----------|
| initial_summary         |           |   -7.189 |           |     -264 |       28.20 |            |              | 0:00:00  |        5620 |    0 |   0 |           |
| route_type_refinement   |           |          |           |          |             |            |              | 0:00:00  |        5620 |      |     |           |
| simplify_netlist        |           |          |           |          |             |            |              | 0:00:00  |        5860 |      |     |           |
| drv_fixing              |           |          |           |          |             |            |              | 0:00:01  |        5860 |      |     |           |
| global_opt              |           |   -5.445 |           |     -166 |       30.23 |            |              | 0:00:12  |        5860 |      |     |           |
| area_reclaiming         |     0.000 |   -5.444 |         0 |     -165 |       29.99 |            |              | 0:00:02  |        5860 |      |     |           |
| incremental_replacement |           |   -7.161 |           |     -365 |             |      27.44 |       330.00 | 0:00:20  |        5860 |      |     |           |
| drv_fixing_2            |     0.000 |   -5.915 |         0 |     -189 |       30.75 |            |              | 0:00:02  |        5852 |    0 |   0 |           |
| wns_fixing              |     0.083 |   -0.366 |         0 |       -7 |       49.24 |            |              | 0:02:41  |        6523 |      |     |        63 |
| tns_fixing              |     0.087 |   -0.360 |         0 |       -5 |       49.59 |            |              | 0:00:12  |        6523 |      |     |        65 |
| area_reclaiming_2       |     0.025 |   -0.349 |         0 |       -5 |       48.12 |            |              | 0:00:07  |        6395 |      |     |        61 |
| area_reclaiming_3       |    -0.017 |   -0.378 |        -0 |       -5 |       47.48 |            |              | 0:00:07  |        6395 |      |     |        34 |
| global_route            |           |          |           |          |             |    1117.22 |      1178.33 | 0:00:01  |        6322 |      |     |           |
| route_type_refinement_2 |           |          |           |          |             |            |              | 0:00:00  |        6322 |      |     |        34 |
| drv_eco_fixing          |    -0.467 |   -0.855 |        -5 |      -19 |       47.58 |            |              | 0:00:01  |        6331 |    0 |   0 |        34 |
| wns_eco_fixing          |    -0.353 |   -0.644 |        -4 |      -15 |       47.67 |            |              | 0:00:06  |        6459 |      |     |        35 |
| wns_eco_fixing_2        |     0.009 |   -0.533 |         0 |      -11 |       48.91 |            |              | 0:00:13  |        6459 |      |     |        34 |
| tns_eco_fixing          |     0.008 |   -0.512 |         0 |       -9 |       49.07 |            |              | 0:00:05  |        6459 |      |     |        35 |
| wns_eco_fixing_3        |     0.012 |   -0.501 |         0 |       -9 |       49.15 |            |              | 0:00:04  |        6459 |      |     |        34 |
| tns_eco_fixing_2        |     0.012 |   -0.501 |         0 |       -9 |       49.15 |            |              | 0:00:02  |        6459 |      |     |        34 |
| final_summary           |    -0.094 |   -0.683 |           |      -15 |       49.15 |    1184.22 |      1214.89 | 0:00:04  |        6251 |    0 |   0 |           |
 ------------------------------------------------------------------------------------------------------------------------------------------------------------------- 
