 ------------------------------------------------------------------------------------------------------------------------------------------------------- 
| Snapshot                | WNS                  | TNS                  | Density (%) | Hotspot                   | Resource               | DRVs       |
|                         | HEPG (ns) | ALL (ns) | HEPG (ns) | ALL (ns) |             | Max (bins) | Total (bins) | Real (s) | Memory (MB) | Tran | Cap |
|-------------------------+-----------+----------+-----------+----------+-------------+------------+--------------+----------+-------------+------+-----|
| initial_summary         |     0.008 |   -0.005 |           |       -0 |       29.93 |            |              | 0:00:00  |        6453 |    0 |   0 |
| route_type_refinement   |           |          |           |          |             |            |              | 0:00:01  |        6453 |      |     |
| simplify_netlist        |           |          |           |          |             |            |              | 0:00:01  |        6529 |      |     |
| excluded_clk_net_fixing |           |          |           |          |             |            |              | 0:00:00  |        6529 |      |     |
| global_opt              |           |    0.006 |           |        0 |       29.93 |            |              | 0:00:01  |        6549 |      |     |
| area_reclaiming         |     0.023 |    0.006 |         0 |        0 |       29.83 |            |              | 0:00:02  |        6549 |      |     |
| area_reclaiming_2       |     0.003 |    0.001 |         0 |        0 |       29.76 |            |              | 0:00:04  |        6609 |      |     |
| area_reclaiming_3       |     0.003 |    0.001 |         0 |        0 |       29.75 |            |              | 0:00:02  |        6609 |      |     |
| local_wire_reclaim      |           |          |           |          |             |            |              | 0:00:10  |        6609 |      |     |
| global_route            |           |          |           |          |             |      21.22 |       290.56 | 0:00:01  |        6519 |      |     |
| route_type_refinement_2 |           |          |           |          |             |            |              | 0:00:00  |        6519 |      |     |
| drv_eco_fixing          |     0.005 |   -0.048 |         0 |       -0 |       29.77 |            |              | 0:00:00  |        6609 |    0 |   0 |
| tns_eco_fixing          |     0.005 |    0.005 |         0 |        0 |       29.79 |            |              | 0:00:02  |        6737 |      |     |
| final_summary           |     0.005 |    0.005 |           |        0 |       29.79 |      21.89 |       317.89 | 0:00:03  |        6529 |    0 |   0 |
 ------------------------------------------------------------------------------------------------------------------------------------------------------- 
