 ------------------------------------------------------------------------------------------------------------------------------------------------------------------- 
| Snapshot                | WNS                  | TNS                  | Density (%) | Hotspot                   | Resource               | DRVs       | Layer-OPT |
|                         | HEPG (ns) | ALL (ns) | HEPG (ns) | ALL (ns) |             | Max (bins) | Total (bins) | Real (s) | Memory (MB) | Tran | Cap | met4      |
|-------------------------+-----------+----------+-----------+----------+-------------+------------+--------------+----------+-------------+------+-----+-----------|
| initial_summary         |    -1.012 |   -1.398 |           |      -33 |       49.27 |            |              | 0:00:01  |        6651 |   18 |  27 |           |
| route_type_refinement   |           |          |           |          |             |            |              | 0:00:01  |        6651 |      |     |        24 |
| simplify_netlist        |           |          |           |          |             |            |              | 0:00:00  |        6651 |      |     |           |
| excluded_clk_net_fixing |           |          |           |          |             |            |              | 0:00:01  |        6651 |      |     |           |
| drv_fixing              |    -0.523 |   -1.101 |        -6 |      -26 |       49.49 |            |              | 0:00:02  |        6731 |    0 |   0 |        24 |
| global_opt              |           |   -0.749 |           |      -15 |       47.69 |            |              | 0:00:11  |        6731 |      |     |        21 |
| area_reclaiming         |    -0.254 |   -0.737 |        -2 |      -14 |       46.51 |            |              | 0:00:08  |        6731 |      |     |        20 |
| wns_fixing              |     0.090 |   -0.313 |         0 |       -5 |       49.68 |            |              | 0:00:49  |        6859 |      |     |        29 |
| tns_fixing              |     0.090 |   -0.270 |         0 |       -4 |       50.06 |            |              | 0:00:14  |        6859 |      |     |        33 |
| area_reclaiming_2       |     0.061 |   -0.265 |         0 |       -4 |       48.96 |            |              | 0:00:06  |        6731 |      |     |        35 |
| area_reclaiming_3       |     0.032 |   -0.265 |         0 |       -4 |       48.39 |            |              | 0:00:08  |        6731 |      |     |        31 |
| local_wire_reclaim      |           |          |           |          |             |            |              | 0:00:18  |        6667 |      |     |           |
| global_route            |           |          |           |          |             |    1036.78 |      1061.56 | 0:00:02  |        6578 |      |     |           |
| route_type_refinement_2 |           |          |           |          |             |            |              | 0:00:00  |        6578 |      |     |        31 |
| drv_eco_fixing          |    -0.370 |   -0.626 |        -3 |      -12 |       48.46 |            |              | 0:00:01  |        6667 |    0 |   0 |        31 |
| wns_eco_fixing          |     0.105 |   -0.177 |         0 |       -2 |       52.05 |            |              | 0:00:27  |        6797 |      |     |        45 |
| tns_eco_fixing          |     0.106 |   -0.177 |         0 |       -2 |       52.01 |            |              | 0:00:04  |        6797 |      |     |        45 |
| tns_eco_fixing_2        |     0.106 |   -0.177 |         0 |       -2 |       52.01 |            |              | 0:00:02  |        6797 |      |     |        45 |
| final_summary           |     0.036 |   -0.350 |           |       -5 |       52.01 |    1124.56 |      1144.11 | 0:00:03  |        6620 |    0 |   0 |           |
 ------------------------------------------------------------------------------------------------------------------------------------------------------------------- 
