 ---------------------------------------------------------------------------------------------------------------------------------- 
| Snapshot           | WNS                  | TNS                  | Density (%) | Resource               | DRVs       | Layer-OPT |
|                    | HEPG (ns) | ALL (ns) | HEPG (ns) | ALL (ns) |             | Real (s) | Memory (MB) | Tran | Cap | met4      |
|--------------------+-----------+----------+-----------+----------+-------------+----------+-------------+------+-----+-----------|
| initial_summary    |     0.036 |   -0.696 |           |      -14 |       44.98 | 0:00:03  |       11486 |    1 |   0 |           |
| ccopt_pro          |           |          |           |          |             | 0:00:01  |       22796 |      |     |           |
| wns_fixing         |     0.049 |   -0.308 |         0 |       -6 |       45.98 | 0:00:12  |       12230 |      |     |        31 |
| tns_fixing         |     0.049 |   -0.308 |         0 |       -5 |       45.97 | 0:00:02  |       12238 |      |     |        31 |
| route_type_fixing  |           |          |           |          |             | 0:00:01  |       12110 |      |     |           |
| pre_route_summary  |     0.049 |   -0.308 |           |       -5 |       45.97 | 0:00:00  |       12110 |    1 |   0 |           |
| eco_route          |           |          |           |          |             | 0:00:09  |       12036 |      |     |           |
| post_route_summary |     0.001 |   -0.458 |           |       -9 |       45.97 | 0:00:02  |       11494 |    1 |   0 |           |
| tns_eco_fixing     |     0.001 |   -0.458 |         0 |       -9 |       45.97 | 0:00:01  |       12150 |      |     |        28 |
| final_summary      |     0.001 |   -0.458 |           |       -9 |       45.97 | 0:00:03  |       12022 |    1 |   0 |           |
 ---------------------------------------------------------------------------------------------------------------------------------- 
