 ---------------------------------------------------------------------------------------------------------------------------- 
| Snapshot        | WNS                | TNS | Density (%) | Hotspot                   | Resource               | DRVs       |
|                 | HEPG (ns) | ALL (ns)     |             | Max (bins) | Total (bins) | Real (s) | Memory (MB) | Tran | Cap |
|-----------------+-----------+--------+-----+-------------+------------+--------------+----------+-------------+------+-----|
| initial_summary |    -0.020 | -0.215 |  -3 |       44.98 |            |              | 0:00:04  |        6876 |    0 |   0 |
| hold_fixing     |           |        |     |             |            |              | 0:00:01  |        6972 |      |     |
| final_summary   |    -0.020 | -0.215 |  -3 |       44.98 |     907.11 |       942.89 | 0:00:06  |        6876 |    0 |   0 |
 ---------------------------------------------------------------------------------------------------------------------------- 
