 ----------------------------------------------------------------------------------------------------------------------------------------------- 
| Snapshot        | WNS                  | TNS                  | Density (%) | Hotspot                   | Resource               | DRVs       |
|                 | HEPG (ns) | ALL (ns) | HEPG (ns) | ALL (ns) |             | Max (bins) | Total (bins) | Real (s) | Memory (MB) | Tran | Cap |
|-----------------+-----------+----------+-----------+----------+-------------+------------+--------------+----------+-------------+------+-----|
| initial_summary |           |  -52.319 |           |   -43301 |       24.98 |            |              | 0:00:01  |        5517 | 1420 | 567 |
| drv_fixing      |     0.000 |   -3.026 |         0 |     -324 |       26.42 |            |              | 0:00:07  |        5762 |    0 |   0 |
| final_summary   |    -2.792 |   -3.026 |           |     -324 |       26.42 |     195.22 |       648.67 | 0:00:03  |        5762 |    0 |   0 |
 ----------------------------------------------------------------------------------------------------------------------------------------------- 
