 ------------------------------------------------------------------------------------------------------------------------------------------------------- 
| Snapshot                | WNS                  | TNS                  | Density (%) | Hotspot                   | Resource               | DRVs       |
|                         | HEPG (ns) | ALL (ns) | HEPG (ns) | ALL (ns) |             | Max (bins) | Total (bins) | Real (s) | Memory (MB) | Tran | Cap |
|-------------------------+-----------+----------+-----------+----------+-------------+------------+--------------+----------+-------------+------+-----|
| initial_summary         |    -0.065 |   -0.065 |           |       -0 |       30.26 |            |              | 0:00:01  |        6595 |    0 |   0 |
| route_type_refinement   |           |          |           |          |             |            |              | 0:00:01  |        6595 |      |     |
| simplify_netlist        |           |          |           |          |             |            |              | 0:00:00  |        6595 |      |     |
| excluded_clk_net_fixing |           |          |           |          |             |            |              | 0:00:01  |        6595 |      |     |
| global_opt              |           |    0.003 |           |        0 |       30.26 |            |              | 0:00:01  |        6615 |      |     |
| area_reclaiming         |     0.057 |    0.003 |         0 |        0 |       30.17 |            |              | 0:00:02  |        6615 |      |     |
| area_reclaiming_2       |     0.002 |   -0.065 |         0 |       -0 |       30.11 |            |              | 0:00:04  |        6675 |      |     |
| area_reclaiming_3       |     0.002 |   -0.065 |         0 |       -0 |       30.11 |            |              | 0:00:02  |        6675 |      |     |
| local_wire_reclaim      |           |          |           |          |             |            |              | 0:00:11  |        6675 |      |     |
| global_route            |           |          |           |          |             |      11.89 |       233.22 | 0:00:01  |        6585 |      |     |
| route_type_refinement_2 |           |          |           |          |             |            |              | 0:00:00  |        6585 |      |     |
| drv_eco_fixing          |    -0.176 |   -0.176 |        -0 |       -1 |       30.13 |            |              | 0:00:01  |        6675 |    0 |   0 |
| wns_eco_fixing          |     0.007 |    0.007 |         0 |        0 |       30.15 |            |              | 0:00:06  |        6803 |      |     |
| final_summary           |     0.007 |    0.007 |           |        0 |       30.15 |      13.44 |       236.67 | 0:00:03  |        6595 |    0 |   0 |
 ------------------------------------------------------------------------------------------------------------------------------------------------------- 
