 ------------------------------------------------------------------------------------------------------------------------------------------------------------------- 
| Snapshot                | WNS                  | TNS                  | Density (%) | Hotspot                   | Resource               | DRVs       | Layer-OPT |
|                         | HEPG (ns) | ALL (ns) | HEPG (ns) | ALL (ns) |             | Max (bins) | Total (bins) | Real (s) | Memory (MB) | Tran | Cap | met4      |
|-------------------------+-----------+----------+-----------+----------+-------------+------------+--------------+----------+-------------+------+-----+-----------|
| initial_summary         |     0.090 |   -0.197 |           |       -3 |       74.47 |            |              | 0:00:01  |        6797 |    0 |   0 |           |
| route_type_refinement   |           |          |           |          |             |            |              | 0:00:01  |        6797 |      |     |        19 |
| simplify_netlist        |           |          |           |          |             |            |              | 0:00:01  |        6797 |      |     |           |
| excluded_clk_net_fixing |           |          |           |          |             |            |              | 0:00:00  |        6797 |      |     |           |
| global_opt              |           |   -0.182 |           |       -2 |       73.82 |            |              | 0:00:06  |        6877 |      |     |        19 |
| area_reclaiming         |     0.132 |   -0.125 |         0 |       -1 |       72.62 |            |              | 0:00:06  |        6832 |      |     |        18 |
| wns_fixing              |     0.129 |    0.057 |         0 |        0 |       72.30 |            |              | 0:00:25  |        7131 |      |     |        39 |
| area_reclaiming_2       |     0.036 |   -0.006 |         0 |       -0 |       70.31 |            |              | 0:00:05  |        7003 |      |     |        38 |
| area_reclaiming_3       |     0.048 |   -0.003 |         0 |       -0 |       70.04 |            |              | 0:00:04  |        7003 |      |     |        30 |
| local_wire_reclaim      |           |          |           |          |             |            |              | 0:00:27  |        7003 |      |     |           |
| global_route            |           |          |           |          |             |     870.22 |       872.44 | 0:00:01  |        6905 |      |     |           |
| route_type_refinement_2 |           |          |           |          |             |            |              | 0:00:01  |        6905 |      |     |        30 |
| drv_eco_fixing          |    -0.228 |   -0.477 |        -1 |       -7 |       70.13 |            |              | 0:00:01  |        6995 |    0 |   0 |        30 |
| wns_eco_fixing          |     0.128 |    0.000 |         0 |        0 |       72.07 |            |              | 0:00:15  |        7123 |      |     |        30 |
| final_summary           |     0.103 |   -0.196 |           |       -3 |       72.07 |     894.33 |       895.67 | 0:00:03  |        6914 |    0 |   0 |           |
 ------------------------------------------------------------------------------------------------------------------------------------------------------------------- 
