 ---------------------------------------------------------------------------------------------------------------------------- 
| Snapshot        | WNS                | TNS | Density (%) | Hotspot                   | Resource               | DRVs       |
|                 | HEPG (ns) | ALL (ns)     |             | Max (bins) | Total (bins) | Real (s) | Memory (MB) | Tran | Cap |
|-----------------+-----------+--------+-----+-------------+------------+--------------+----------+-------------+------+-----|
| initial_summary |     0.010 | -0.376 |  -6 |       50.17 |            |              | 0:00:05  |        7156 |    0 |   0 |
| hold_fixing     |           |        |     |             |            |              | 0:00:00  |        7252 |      |     |
| final_summary   |     0.010 | -0.376 |  -6 |       50.17 |    1127.78 |      1139.11 | 0:00:06  |        7156 |    0 |   0 |
 ---------------------------------------------------------------------------------------------------------------------------- 
