 ------------------------------------------------------------------------------------------------------------------------------------------------------- 
| Snapshot                | WNS                  | TNS                  | Density (%) | Hotspot                   | Resource               | DRVs       |
|                         | HEPG (ns) | ALL (ns) | HEPG (ns) | ALL (ns) |             | Max (bins) | Total (bins) | Real (s) | Memory (MB) | Tran | Cap |
|-------------------------+-----------+----------+-----------+----------+-------------+------------+--------------+----------+-------------+------+-----|
| initial_summary         |    -0.085 |   -0.085 |           |       -0 |       30.33 |            |              | 0:00:00  |        6464 |    0 |   0 |
| route_type_refinement   |           |          |           |          |             |            |              | 0:00:00  |        6464 |      |     |
| simplify_netlist        |           |          |           |          |             |            |              | 0:00:01  |        6559 |      |     |
| excluded_clk_net_fixing |           |          |           |          |             |            |              | 0:00:00  |        6559 |      |     |
| global_opt              |           |    0.012 |           |        0 |       30.33 |            |              | 0:00:01  |        6579 |      |     |
| area_reclaiming         |     0.029 |    0.025 |         0 |        0 |       30.25 |            |              | 0:00:01  |        6579 |      |     |
| area_reclaiming_2       |     0.008 |   -0.065 |         0 |       -0 |       30.20 |            |              | 0:00:03  |        6639 |      |     |
| area_reclaiming_3       |     0.008 |   -0.065 |         0 |       -0 |       30.20 |            |              | 0:00:01  |        6639 |      |     |
| local_wire_reclaim      |           |          |           |          |             |            |              | 0:00:11  |        6639 |      |     |
| global_route            |           |          |           |          |             |      21.11 |       278.78 | 0:00:02  |        6549 |      |     |
| route_type_refinement_2 |           |          |           |          |             |            |              | 0:00:00  |        6549 |      |     |
| drv_eco_fixing          |    -0.216 |   -0.216 |        -1 |       -1 |       30.21 |            |              | 0:00:01  |        6619 |    0 |   0 |
| wns_eco_fixing          |     0.009 |    0.003 |         0 |        0 |       30.26 |            |              | 0:00:08  |        6767 |      |     |
| final_summary           |     0.010 |    0.003 |           |        0 |       30.26 |      20.22 |       288.67 | 0:00:03  |        6559 |    0 |   0 |
 ------------------------------------------------------------------------------------------------------------------------------------------------------- 
