 ------------------------------------------------------------------------------------------------------------------------------------------------------------------- 
| Snapshot                | WNS                  | TNS                  | Density (%) | Hotspot                   | Resource               | DRVs       | Layer-OPT |
|                         | HEPG (ns) | ALL (ns) | HEPG (ns) | ALL (ns) |             | Max (bins) | Total (bins) | Real (s) | Memory (MB) | Tran | Cap | met4      |
|-------------------------+-----------+----------+-----------+----------+-------------+------------+--------------+----------+-------------+------+-----+-----------|
| initial_summary         |    -0.634 |   -1.230 |           |      -29 |       94.97 |            |              | 0:00:01  |        6389 |    7 |  16 |           |
| route_type_refinement   |           |          |           |          |             |            |              | 0:00:00  |        6389 |      |     |         3 |
| simplify_netlist        |           |          |           |          |             |            |              | 0:00:01  |        6389 |      |     |           |
| excluded_clk_net_fixing |           |          |           |          |             |            |              | 0:00:00  |        6389 |      |     |           |
| drv_fixing              |    -0.634 |   -1.230 |        -9 |      -29 |       95.36 |            |              | 0:00:02  |        6469 |    0 |   0 |         3 |
| global_opt              |           |   -1.067 |           |      -19 |       95.70 |            |              | 0:00:08  |        6469 |      |     |         3 |
| area_reclaiming         |    -0.320 |   -1.052 |        -2 |      -18 |       93.76 |            |              | 0:00:06  |        6469 |      |     |         3 |
| wns_fixing              |    -0.115 |   -0.693 |        -0 |      -10 |       96.38 |            |              | 0:00:45  |        6605 |      |     |         7 |
| tns_fixing              |     0.080 |   -0.594 |         0 |      -10 |       96.44 |            |              | 0:00:08  |        6613 |      |     |         7 |
| area_reclaiming_2       |     0.017 |   -0.593 |         0 |      -10 |       95.88 |            |              | 0:00:03  |        6485 |      |     |         7 |
| area_reclaiming_3       |     0.016 |   -0.594 |         0 |       -9 |       95.41 |            |              | 0:00:04  |        6485 |      |     |         5 |
| local_wire_reclaim      |           |          |           |          |             |            |              | 0:00:17  |        6485 |      |     |           |
| global_route            |           |          |           |          |             |     510.00 |       510.00 | 0:00:01  |        6379 |      |     |           |
| route_type_refinement_2 |           |          |           |          |             |            |              | 0:00:00  |        6379 |      |     |         5 |
| drv_eco_fixing          |    -0.235 |   -0.892 |        -2 |      -16 |       95.61 |            |              | 0:00:01  |        6469 |    0 |   0 |         5 |
| tns_eco_fixing          |    -0.018 |   -0.792 |        -0 |      -15 |       96.31 |            |              | 0:00:10  |        6597 |      |     |         5 |
| tns_eco_fixing_2        |    -0.018 |   -0.792 |        -0 |      -15 |       96.31 |            |              | 0:00:01  |        6597 |      |     |         5 |
| initial_summary_2       |    -0.201 |   -0.872 |           |      -17 |       96.31 |            |              | 0:00:03  |        6389 |    0 |   0 |           |
| hold_fixing             |           |          |           |          |             |            |              | 0:00:00  |        6485 |      |     |           |
| final_summary           |    -0.201 |   -0.872 |           |      -17 |       96.31 |     522.00 |       522.00 | 0:00:05  |        6617 |    0 |   0 |           |
 ------------------------------------------------------------------------------------------------------------------------------------------------------------------- 
