 ------------------------------------------------------------------------------------------------------------------------------------------------------------------- 
| Snapshot                | WNS                  | TNS                  | Density (%) | Hotspot                   | Resource               | DRVs       | Layer-OPT |
|                         | HEPG (ns) | ALL (ns) | HEPG (ns) | ALL (ns) |             | Max (bins) | Total (bins) | Real (s) | Memory (MB) | Tran | Cap | met4      |
|-------------------------+-----------+----------+-----------+----------+-------------+------------+--------------+----------+-------------+------+-----+-----------|
| initial_summary         |     0.036 |   -0.350 |           |       -5 |       52.01 |            |              | 0:00:00  |        6620 |    0 |   0 |           |
| route_type_refinement   |           |          |           |          |             |            |              | 0:00:01  |        6657 |      |     |        26 |
| simplify_netlist        |           |          |           |          |             |            |              | 0:00:00  |        6810 |      |     |           |
| excluded_clk_net_fixing |           |          |           |          |             |            |              | 0:00:00  |        6810 |      |     |           |
| global_opt              |           |   -0.289 |           |       -4 |       50.97 |            |              | 0:00:08  |        6890 |      |     |        23 |
| area_reclaiming         |     0.066 |   -0.268 |         0 |       -4 |       50.02 |            |              | 0:00:07  |        6890 |      |     |        23 |
| wns_fixing              |     0.082 |   -0.148 |         0 |       -2 |       51.83 |            |              | 0:00:32  |        7018 |      |     |        27 |
| tns_fixing              |     0.091 |   -0.148 |         0 |       -1 |       51.93 |            |              | 0:00:10  |        7018 |      |     |        32 |
| area_reclaiming_2       |     0.044 |   -0.148 |         0 |       -1 |       50.64 |            |              | 0:00:06  |        6890 |      |     |        31 |
| area_reclaiming_3       |     0.044 |   -0.144 |         0 |       -1 |       50.12 |            |              | 0:00:06  |        6890 |      |     |        28 |
| local_wire_reclaim      |           |          |           |          |             |            |              | 0:00:18  |        6890 |      |     |           |
| global_route            |           |          |           |          |             |    1107.56 |      1121.33 | 0:00:01  |        6857 |      |     |           |
| route_type_refinement_2 |           |          |           |          |             |            |              | 0:00:00  |        6857 |      |     |        28 |
| drv_eco_fixing          |    -0.138 |   -0.446 |        -1 |       -8 |       50.17 |            |              | 0:00:01  |        6947 |    0 |   0 |        28 |
| tns_eco_fixing          |     0.010 |   -0.276 |         0 |       -4 |       50.17 |            |              | 0:00:09  |        7075 |      |     |        28 |
| tns_eco_fixing_2        |     0.010 |   -0.276 |         0 |       -4 |       50.17 |            |              | 0:00:01  |        7075 |      |     |        28 |
| final_summary           |     0.010 |   -0.376 |           |       -6 |       50.17 |    1127.78 |      1139.11 | 0:00:03  |        6867 |    0 |   0 |           |
 ------------------------------------------------------------------------------------------------------------------------------------------------------------------- 
