 ------------------------------------------------------------------------------------------------------------------------------------------------------- 
| Snapshot                | WNS                  | TNS                  | Density (%) | Hotspot                   | Resource               | DRVs       |
|                         | HEPG (ns) | ALL (ns) | HEPG (ns) | ALL (ns) |             | Max (bins) | Total (bins) | Real (s) | Memory (MB) | Tran | Cap |
|-------------------------+-----------+----------+-----------+----------+-------------+------------+--------------+----------+-------------+------+-----|
| initial_summary         |    -0.837 |   -1.037 |           |      -31 |       29.89 |            |              | 0:00:01  |        6483 |   61 |  76 |
| route_type_refinement   |           |          |           |          |             |            |              | 0:00:00  |        6483 |      |     |
| simplify_netlist        |           |          |           |          |             |            |              | 0:00:01  |        6483 |      |     |
| excluded_clk_net_fixing |           |          |           |          |             |            |              | 0:00:00  |        6483 |      |     |
| drv_fixing              |    -0.490 |   -0.676 |        -6 |      -17 |       30.20 |            |              | 0:00:02  |        6563 |    0 |   0 |
| global_opt              |           |   -0.129 |           |       -1 |       30.34 |            |              | 0:00:02  |        6563 |      |     |
| area_reclaiming         |     0.036 |   -0.126 |         0 |       -1 |       30.20 |            |              | 0:00:03  |        6563 |      |     |
| wns_fixing              |     0.105 |    0.087 |         0 |        0 |       30.34 |            |              | 0:00:08  |        6691 |      |     |
| area_reclaiming_2       |     0.007 |   -0.055 |         0 |       -0 |       30.13 |            |              | 0:00:04  |        6563 |      |     |
| area_reclaiming_3       |     0.007 |   -0.055 |         0 |       -0 |       30.09 |            |              | 0:00:02  |        6563 |      |     |
| local_wire_reclaim      |           |          |           |          |             |            |              | 0:00:14  |        6499 |      |     |
| global_route            |           |          |           |          |             |      33.33 |       278.33 | 0:00:01  |        6409 |      |     |
| route_type_refinement_2 |           |          |           |          |             |            |              | 0:00:00  |        6409 |      |     |
| drv_eco_fixing          |     0.022 |   -0.069 |         0 |       -0 |       30.13 |            |              | 0:00:01  |        6499 |    0 |   0 |
| tns_eco_fixing          |     0.022 |    0.002 |         0 |        0 |       30.14 |            |              | 0:00:01  |        6627 |      |     |
| final_summary           |     0.022 |    0.002 |           |        0 |       30.14 |      32.00 |       293.00 | 0:00:03  |        6419 |    0 |   0 |
 ------------------------------------------------------------------------------------------------------------------------------------------------------- 
