 --------------------------------------------------------------------------------------------------- 
| Snapshot           | WNS                | TNS | Density (%) | Resource               | DRVs       |
|                    | HEPG (ns) | ALL (ns)     |             | Real (s) | Memory (MB) | Tran | Cap |
|--------------------+-----------+--------+-----+-------------+----------+-------------+------+-----|
| initial_summary    |     0.035 | -0.592 | -13 |       44.98 | 0:00:00  |        7010 |    2 |   2 |
| ccopt_pro          |           |        |     |             | 0:00:01  |       18320 |      |     |
| route_type_fixing  |           |        |     |             | 0:00:00  |        7799 |      |     |
| pre_route_summary  |     0.035 | -0.614 | -13 |       44.98 | 0:00:01  |        7799 |    1 |   0 |
| eco_route          |           |        |     |             | 0:00:04  |        7773 |      |     |
| post_route_summary |     0.036 | -0.696 | -14 |       44.98 | 0:00:02  |        7259 |    1 |   0 |
| final_summary      |     0.036 | -0.696 | -14 |       44.98 | 0:00:03  |        7259 |    1 |   0 |
 --------------------------------------------------------------------------------------------------- 
