 --------------------------------------------------------------------------------------------------------------------------- 
| Snapshot        | WNS               | TNS | Density (%) | Hotspot                   | Resource               | DRVs       |
|                 | HEPG (ns) | ALL (ns)    |             | Max (bins) | Total (bins) | Real (s) | Memory (MB) | Tran | Cap |
|-----------------+-----------+-------+-----+-------------+------------+--------------+----------+-------------+------+-----|
| initial_summary |     0.012 | 0.003 |   0 |       30.45 |            |              | 0:00:04  |        6710 |    0 |   0 |
| hold_fixing     |           |       |     |             |            |              | 0:00:01  |        6806 |      |     |
| final_summary   |     0.012 | 0.003 |   0 |       30.45 |      39.33 |       359.56 | 0:00:07  |        6710 |    0 |   0 |
 --------------------------------------------------------------------------------------------------------------------------- 
