 ------------------------------------------------------------------------------------------------------------------------------------------------------------------- 
| Snapshot                | WNS                  | TNS                  | Density (%) | Hotspot                   | Resource               | DRVs       | Layer-OPT |
|                         | HEPG (ns) | ALL (ns) | HEPG (ns) | ALL (ns) |             | Max (bins) | Total (bins) | Real (s) | Memory (MB) | Tran | Cap | met4      |
|-------------------------+-----------+----------+-----------+----------+-------------+------------+--------------+----------+-------------+------+-----+-----------|
| initial_summary         |           |   -9.918 |           |    -3325 |       69.88 |            |              | 0:00:02  |        5336 |  715 | 497 |           |
| simplify_netlist        |           |          |           |          |             |            |              | 0:00:00  |        5634 |      |     |           |
| drv_fixing              |           |          |           |          |             |            |              | 0:00:01  |        5634 |      |     |           |
| drv_fixing_2            |     0.000 |   -6.206 |         0 |     -215 |       75.31 |            |              | 0:00:02  |        5878 |    0 |   0 |           |
| global_opt              |           |   -5.128 |           |     -151 |       80.78 |            |              | 0:00:10  |        5878 |      |     |           |
| area_reclaiming         |     0.000 |   -5.128 |         0 |     -151 |       79.86 |            |              | 0:00:02  |        5878 |      |     |           |
| incremental_replacement |    -3.825 |   -4.924 |           |     -238 |             |     510.00 |       510.00 | 0:00:37  |        6358 |      |     |           |
| drv_fixing_3            |    -4.874 |   -4.874 |      -147 |     -147 |       80.63 |            |              | 0:00:02  |        5886 |    0 |   0 |           |
| tns_fixing              |     0.001 |   -1.575 |         0 |      -48 |       86.02 |            |              | 0:00:30  |        6089 |      |     |           |
| wns_fixing              |     0.105 |   -0.295 |         0 |       -7 |       94.79 |            |              | 0:00:42  |        6260 |      |     |         1 |
| tns_fixing_2            |     0.105 |   -0.289 |         0 |       -6 |       94.95 |            |              | 0:00:04  |        6260 |      |     |         1 |
| area_reclaiming_2       |     0.046 |   -0.289 |         0 |       -6 |       93.38 |            |              | 0:00:03  |        6170 |      |     |         1 |
| area_reclaiming_3       |     0.046 |   -0.289 |         0 |       -6 |       92.96 |            |              | 0:00:03  |        6170 |      |     |         1 |
| drv_eco_fixing          |     0.046 |   -0.289 |         0 |       -6 |       92.99 |            |              | 0:00:01  |        6170 |    0 |   0 |         1 |
| tns_eco_fixing          |     0.046 |   -0.289 |         0 |       -6 |       93.11 |            |              | 0:00:02  |        6300 |      |     |         1 |
| final_summary           |    -0.265 |   -0.609 |           |      -15 |       93.11 |            |              | 0:00:02  |        6028 |    0 |   0 |           |
 ------------------------------------------------------------------------------------------------------------------------------------------------------------------- 
