 -------------------------------------------------------------------------------------------------- 
| Snapshot           | WNS               | TNS | Density (%) | Resource               | DRVs       |
|                    | HEPG (ns) | ALL (ns)    |             | Real (s) | Memory (MB) | Tran | Cap |
|--------------------+-----------+-------+-----+-------------+----------+-------------+------+-----|
| initial_summary    |     0.057 | 0.035 |   0 |       30.26 | 0:00:00  |        6720 |    0 |   0 |
| ccopt_pro          |           |       |     |             | 0:00:01  |       18030 |      |     |
| route_type_fixing  |           |       |     |             | 0:00:00  |        7586 |      |     |
| pre_route_summary  |     0.057 | 0.035 |   0 |       30.26 | 0:00:00  |        7586 |    0 |   0 |
| eco_route          |           |       |     |             | 0:00:03  |        7576 |      |     |
| post_route_summary |     0.063 | 0.040 |   0 |       30.26 | 0:00:01  |        7066 |    0 |   0 |
| final_summary      |     0.063 | 0.040 |   0 |       30.26 | 0:00:03  |        7066 |    0 |   0 |
 -------------------------------------------------------------------------------------------------- 
