 ----------------------------------------------------------------------------------------------------------------------------------------------- 
| Snapshot        | WNS                  | TNS                  | Density (%) | Hotspot                   | Resource               | DRVs       |
|                 | HEPG (ns) | ALL (ns) | HEPG (ns) | ALL (ns) |             | Max (bins) | Total (bins) | Real (s) | Memory (MB) | Tran | Cap |
|-----------------+-----------+----------+-----------+----------+-------------+------------+--------------+----------+-------------+------+-----|
| initial_summary |           |  -12.628 |           |    -3811 |       24.98 |            |              | 0:00:01  |        5309 | 1645 | 985 |
| drv_fixing      |     0.000 |   -6.994 |         0 |     -255 |       28.48 |            |              | 0:00:07  |        5638 |    0 |   0 |
| final_summary   |    -5.306 |   -6.994 |           |     -255 |       28.48 |     382.56 |       803.11 | 0:00:03  |        5638 |    0 |   0 |
 ----------------------------------------------------------------------------------------------------------------------------------------------- 
