 ------------------------------------------------------------------------------------------------------------------------------------------------------------------- 
| Snapshot                | WNS                  | TNS                  | Density (%) | Hotspot                   | Resource               | DRVs       | Layer-OPT |
|                         | HEPG (ns) | ALL (ns) | HEPG (ns) | ALL (ns) |             | Max (bins) | Total (bins) | Real (s) | Memory (MB) | Tran | Cap | met4      |
|-------------------------+-----------+----------+-----------+----------+-------------+------------+--------------+----------+-------------+------+-----+-----------|
| initial_summary         |     0.082 |   -0.272 |           |       -5 |       94.69 |            |              | 0:00:01  |        6630 |    0 |   0 |           |
| route_type_refinement   |           |          |           |          |             |            |              | 0:00:00  |        6630 |      |     |         2 |
| simplify_netlist        |           |          |           |          |             |            |              | 0:00:00  |        6668 |      |     |           |
| excluded_clk_net_fixing |           |          |           |          |             |            |              | 0:00:01  |        6668 |      |     |           |
| global_opt              |           |   -0.161 |           |       -2 |       94.23 |            |              | 0:00:03  |        6748 |      |     |         2 |
| area_reclaiming         |     0.129 |   -0.152 |         0 |       -1 |       92.92 |            |              | 0:00:05  |        6703 |      |     |         2 |
| wns_fixing              |     0.257 |    0.071 |         0 |        0 |       92.35 |            |              | 0:00:12  |        6831 |      |     |         2 |
| area_reclaiming_2       |     0.005 |   -0.008 |         0 |       -0 |       90.97 |            |              | 0:00:04  |        6703 |      |     |         2 |
| area_reclaiming_3       |     0.017 |   -0.007 |         0 |       -0 |       90.73 |            |              | 0:00:03  |        6703 |      |     |         2 |
| local_wire_reclaim      |           |          |           |          |             |            |              | 0:00:19  |        6703 |      |     |           |
| global_route            |           |          |           |          |             |     503.00 |       507.00 | 0:00:01  |        6614 |      |     |           |
| route_type_refinement_2 |           |          |           |          |             |            |              | 0:00:00  |        6614 |      |     |         2 |
| drv_eco_fixing          |    -0.344 |   -0.361 |        -2 |       -8 |       91.03 |            |              | 0:00:01  |        6703 |    0 |   0 |         2 |
| tns_eco_fixing          |     0.069 |   -0.277 |         0 |       -5 |       91.21 |            |              | 0:00:07  |        6831 |      |     |         2 |
| tns_eco_fixing_2        |     0.069 |   -0.277 |         0 |       -5 |       91.21 |            |              | 0:00:01  |        6831 |      |     |         2 |
| final_summary           |     0.010 |   -0.314 |           |       -6 |       91.21 |     516.00 |       520.00 | 0:00:03  |        6623 |    0 |   0 |           |
 ------------------------------------------------------------------------------------------------------------------------------------------------------------------- 
