 ------------------------------------------------------------------------------------------------------------------------------------------------------- 
| Snapshot                | WNS                  | TNS                  | Density (%) | Hotspot                   | Resource               | DRVs       |
|                         | HEPG (ns) | ALL (ns) | HEPG (ns) | ALL (ns) |             | Max (bins) | Total (bins) | Real (s) | Memory (MB) | Tran | Cap |
|-------------------------+-----------+----------+-----------+----------+-------------+------------+--------------+----------+-------------+------+-----|
| initial_summary         |           |   -3.214 |           |     -360 |       26.21 |            |              | 0:00:00  |        5624 |    0 |   0 |
| route_type_refinement   |           |          |           |          |             |            |              | 0:00:01  |        5624 |      |     |
| simplify_netlist        |           |          |           |          |             |            |              | 0:00:01  |        5873 |      |     |
| drv_fixing              |     0.000 |   -3.214 |         0 |     -360 |       26.21 |            |              | 0:00:00  |        5873 |      |     |
| global_opt              |           |   -3.078 |           |     -154 |       27.26 |            |              | 0:00:08  |        5905 |      |     |
| area_reclaiming         |     0.000 |   -3.078 |         0 |     -154 |       27.20 |            |              | 0:00:02  |        5905 |      |     |
| incremental_replacement |           |   -3.241 |           |     -245 |             |       9.11 |       135.89 | 0:00:20  |        5905 |      |     |
| drv_fixing_2            |     0.000 |   -3.241 |         0 |     -181 |       27.27 |            |              | 0:00:01  |        5873 |    0 |   0 |
| wns_fixing              |     0.089 |    0.074 |         0 |        0 |       31.29 |            |              | 0:00:24  |        6245 |      |     |
| area_reclaiming_2       |     0.089 |    0.008 |         0 |        0 |       30.82 |            |              | 0:00:04  |        6250 |      |     |
| area_reclaiming_3       |     0.006 |    0.001 |         0 |        0 |       29.58 |            |              | 0:00:05  |        6250 |      |     |
| global_route            |           |          |           |          |             |     151.78 |       766.56 | 0:00:02  |        6176 |      |     |
| route_type_refinement_2 |           |          |           |          |             |            |              | 0:00:00  |        6176 |      |     |
| drv_eco_fixing          |    -0.336 |   -0.336 |        -2 |       -7 |       29.59 |            |              | 0:00:01  |        6166 |    0 |   0 |
| wns_eco_fixing          |     0.006 |    0.002 |         0 |        0 |       29.73 |            |              | 0:00:04  |        6322 |      |     |
| final_summary           |    -0.039 |   -0.039 |           |       -0 |       29.73 |     166.67 |       801.11 | 0:00:03  |        6106 |    0 |   0 |
 ------------------------------------------------------------------------------------------------------------------------------------------------------- 
