 ---------------------------------------------------------------------------------------------------------------------- 
| Snapshot           | WNS                  | TNS                  | Density (%) | Resource               | DRVs       |
|                    | HEPG (ns) | ALL (ns) | HEPG (ns) | ALL (ns) |             | Real (s) | Memory (MB) | Tran | Cap |
|--------------------+-----------+----------+-----------+----------+-------------+----------+-------------+------+-----|
| initial_summary    |     0.153 |   -0.070 |           |       -0 |       30.04 | 0:00:02  |       11366 |    1 |   0 |
| ccopt_pro          |           |          |           |          |             | 0:00:01  |       22676 |      |     |
| wns_fixing         |     0.153 |    0.006 |         0 |        0 |       30.05 | 0:00:02  |       12014 |      |     |
| route_type_fixing  |           |          |           |          |             | 0:00:00  |       11886 |      |     |
| pre_route_summary  |     0.153 |    0.006 |           |        0 |       30.05 | 0:00:01  |       11886 |    1 |   0 |
| eco_route          |           |          |           |          |             | 0:00:03  |       11877 |      |     |
| post_route_summary |     0.151 |    0.002 |           |        0 |       30.05 | 0:00:02  |       11366 |    1 |   0 |
| final_summary      |     0.151 |    0.002 |           |        0 |       30.05 | 0:00:02  |       11366 |    1 |   0 |
 ---------------------------------------------------------------------------------------------------------------------- 
