 ------------------------------------------------------------------------------------------------------------------------------------------------------- 
| Snapshot                | WNS                  | TNS                  | Density (%) | Hotspot                   | Resource               | DRVs       |
|                         | HEPG (ns) | ALL (ns) | HEPG (ns) | ALL (ns) |             | Max (bins) | Total (bins) | Real (s) | Memory (MB) | Tran | Cap |
|-------------------------+-----------+----------+-----------+----------+-------------+------------+--------------+----------+-------------+------+-----|
| initial_summary         |    -0.665 |   -0.900 |           |      -21 |       29.98 |            |              | 0:00:01  |        6511 |   43 |  58 |
| route_type_refinement   |           |          |           |          |             |            |              | 0:00:00  |        6511 |      |     |
| simplify_netlist        |           |          |           |          |             |            |              | 0:00:01  |        6511 |      |     |
| excluded_clk_net_fixing |           |          |           |          |             |            |              | 0:00:00  |        6511 |      |     |
| drv_fixing              |    -0.559 |   -0.754 |        -5 |      -16 |       30.26 |            |              | 0:00:02  |        6591 |    0 |   0 |
| global_opt              |           |   -0.348 |           |       -2 |       30.39 |            |              | 0:00:03  |        6591 |      |     |
| area_reclaiming         |    -0.210 |   -0.340 |        -0 |       -2 |       30.22 |            |              | 0:00:03  |        6599 |      |     |
| wns_fixing              |     0.070 |    0.070 |         0 |        0 |       30.42 |            |              | 0:00:09  |        6735 |      |     |
| area_reclaiming_2       |     0.003 |   -0.001 |         0 |       -0 |       30.22 |            |              | 0:00:04  |        6615 |      |     |
| area_reclaiming_3       |     0.003 |   -0.001 |         0 |       -0 |       30.17 |            |              | 0:00:02  |        6615 |      |     |
| local_wire_reclaim      |           |          |           |          |             |            |              | 0:00:14  |        6551 |      |     |
| global_route            |           |          |           |          |             |      16.89 |       227.67 | 0:00:01  |        6445 |      |     |
| route_type_refinement_2 |           |          |           |          |             |            |              | 0:00:01  |        6445 |      |     |
| drv_eco_fixing          |    -0.044 |   -0.076 |        -0 |       -0 |       30.21 |            |              | 0:00:01  |        6535 |    0 |   0 |
| tns_eco_fixing          |     0.013 |    0.013 |         0 |        0 |       30.21 |            |              | 0:00:01  |        6663 |      |     |
| final_summary           |     0.012 |   -0.041 |           |       -0 |       30.21 |      17.33 |       226.11 | 0:00:03  |        6455 |    0 |   0 |
 ------------------------------------------------------------------------------------------------------------------------------------------------------- 
