 ------------------------------------------------------------------------------------------------------------------------------------ 
| Snapshot                | WNS                | TNS | Density (%) | Hotspot                   | Resource               | DRVs       |
|                         | HEPG (ns) | ALL (ns)     |             | Max (bins) | Total (bins) | Real (s) | Memory (MB) | Tran | Cap |
|-------------------------+-----------+--------+-----+-------------+------------+--------------+----------+-------------+------+-----|
| initial_summary         |     0.008 | -0.005 |  -0 |       29.93 |            |              | 0:00:00  |        6453 |    0 |   0 |
| excluded_clk_net_fixing |           |        |     |             |            |              | 0:00:00  |        6421 |      |     |
| final_summary           |     0.008 | -0.005 |  -0 |       29.93 |      22.44 |       299.33 | 0:00:03  |        6453 |    0 |   0 |
 ------------------------------------------------------------------------------------------------------------------------------------ 
