 --------------------------------------------------------------------------------------------------------------------------- 
| Snapshot        | WNS               | TNS | Density (%) | Hotspot                   | Resource               | DRVs       |
|                 | HEPG (ns) | ALL (ns)    |             | Max (bins) | Total (bins) | Real (s) | Memory (MB) | Tran | Cap |
|-----------------+-----------+-------+-----+-------------+------------+--------------+----------+-------------+------+-----|
| initial_summary |     0.010 | 0.003 |   0 |       30.26 |            |              | 0:00:03  |        6686 |    0 |   0 |
| hold_fixing     |           |       |     |             |            |              | 0:00:01  |        6782 |      |     |
| final_summary   |     0.010 | 0.003 |   0 |       30.26 |      20.22 |       288.67 | 0:00:07  |        6686 |    0 |   0 |
 --------------------------------------------------------------------------------------------------------------------------- 
