 ------------------------------------------------------------------------------------------------------------------------------------------------------- 
| Snapshot                | WNS                  | TNS                  | Density (%) | Hotspot                   | Resource               | DRVs       |
|                         | HEPG (ns) | ALL (ns) | HEPG (ns) | ALL (ns) |             | Max (bins) | Total (bins) | Real (s) | Memory (MB) | Tran | Cap |
|-------------------------+-----------+----------+-----------+----------+-------------+------------+--------------+----------+-------------+------+-----|
| initial_summary         |           |   -2.703 |           |     -314 |       26.10 |            |              | 0:00:01  |        5606 |    0 |   0 |
| route_type_refinement   |           |          |           |          |             |            |              | 0:00:00  |        5606 |      |     |
| simplify_netlist        |           |          |           |          |             |            |              | 0:00:01  |        5855 |      |     |
| drv_fixing              |           |          |           |          |             |            |              | 0:00:00  |        5855 |      |     |
| global_opt              |           |   -2.327 |           |     -125 |       27.09 |            |              | 0:00:08  |        5905 |      |     |
| area_reclaiming         |     0.000 |   -2.327 |         0 |     -125 |       27.01 |            |              | 0:00:01  |        5905 |      |     |
| incremental_replacement |           |   -2.519 |           |     -156 |             |       6.78 |       112.78 | 0:00:19  |        5905 |      |     |
| drv_fixing_2            |     0.000 |   -2.519 |         0 |     -136 |       27.05 |            |              | 0:00:01  |        5873 |    0 |   0 |
| wns_fixing              |     0.063 |    0.060 |         0 |        0 |       30.97 |            |              | 0:00:27  |        6113 |      |     |
| area_reclaiming_2       |     0.007 |   -0.006 |         0 |       -0 |       30.47 |            |              | 0:00:03  |        6080 |      |     |
| area_reclaiming_3       |     0.002 |    0.001 |         0 |        0 |       29.49 |            |              | 0:00:05  |        6080 |      |     |
| global_route            |           |          |           |          |             |     185.00 |       727.00 | 0:00:01  |        6007 |      |     |
| route_type_refinement_2 |           |          |           |          |             |            |              | 0:00:00  |        6007 |      |     |
| drv_eco_fixing          |    -0.473 |   -0.473 |        -2 |       -7 |       29.54 |            |              | 0:00:01  |        6016 |    0 |   0 |
| wns_eco_fixing          |     0.005 |    0.002 |         0 |        0 |       29.68 |            |              | 0:00:04  |        6144 |      |     |
| final_summary           |     0.008 |   -0.083 |           |       -0 |       29.68 |     192.11 |       730.44 | 0:00:03  |        5936 |    0 |   0 |
 ------------------------------------------------------------------------------------------------------------------------------------------------------- 
