 ------------------------------------------------------------------------------------------------------------------------------------------------------- 
| Snapshot                | WNS                  | TNS                  | Density (%) | Hotspot                   | Resource               | DRVs       |
|                         | HEPG (ns) | ALL (ns) | HEPG (ns) | ALL (ns) |             | Max (bins) | Total (bins) | Real (s) | Memory (MB) | Tran | Cap |
|-------------------------+-----------+----------+-----------+----------+-------------+------------+--------------+----------+-------------+------+-----|
| initial_summary         |    -0.628 |   -0.751 |           |      -16 |       30.44 |            |              | 0:00:02  |        6573 |   29 |  38 |
| route_type_refinement   |           |          |           |          |             |            |              | 0:00:00  |        6573 |      |     |
| simplify_netlist        |           |          |           |          |             |            |              | 0:00:01  |        6573 |      |     |
| excluded_clk_net_fixing |           |          |           |          |             |            |              | 0:00:00  |        6573 |      |     |
| drv_fixing              |    -0.627 |   -0.664 |        -5 |      -15 |       30.64 |            |              | 0:00:01  |        6653 |    0 |   0 |
| global_opt              |           |   -0.055 |           |       -0 |       30.78 |            |              | 0:00:03  |        6653 |      |     |
| area_reclaiming         |    -0.047 |   -0.047 |        -0 |       -0 |       30.60 |            |              | 0:00:03  |        6669 |      |     |
| wns_fixing              |     0.084 |    0.057 |         0 |        0 |       30.70 |            |              | 0:00:07  |        6797 |      |     |
| area_reclaiming_2       |     0.005 |   -0.030 |         0 |       -0 |       30.52 |            |              | 0:00:04  |        6669 |      |     |
| area_reclaiming_3       |     0.005 |   -0.030 |         0 |       -0 |       30.49 |            |              | 0:00:02  |        6669 |      |     |
| local_wire_reclaim      |           |          |           |          |             |            |              | 0:00:14  |        6605 |      |     |
| global_route            |           |          |           |          |             |      41.67 |       344.56 | 0:00:02  |        6507 |      |     |
| route_type_refinement_2 |           |          |           |          |             |            |              | 0:00:00  |        6507 |      |     |
| drv_eco_fixing          |    -0.053 |   -0.126 |        -0 |       -0 |       30.52 |            |              | 0:00:01  |        6597 |    0 |   0 |
| tns_eco_fixing          |     0.003 |    0.003 |         0 |        0 |       30.55 |            |              | 0:00:02  |        6725 |      |     |
| final_summary           |     0.003 |   -0.020 |           |       -0 |       30.55 |      40.11 |       334.56 | 0:00:04  |        6517 |    0 |   0 |
 ------------------------------------------------------------------------------------------------------------------------------------------------------- 
