 ----------------------------------------------------------------------------------------------------------------------------------- 
| Snapshot                | WNS               | TNS | Density (%) | Hotspot                   | Resource               | DRVs       |
|                         | HEPG (ns) | ALL (ns)    |             | Max (bins) | Total (bins) | Real (s) | Memory (MB) | Tran | Cap |
|-------------------------+-----------+-------+-----+-------------+------------+--------------+----------+-------------+------+-----|
| initial_summary         |     0.003 | 0.002 |   0 |       30.14 |            |              | 0:00:00  |        6378 |    0 |   0 |
| excluded_clk_net_fixing |           |       |     |             |            |              | 0:00:00  |        6346 |      |     |
| final_summary           |     0.003 | 0.002 |   0 |       30.14 |      22.78 |       328.78 | 0:00:03  |        6378 |    0 |   0 |
 ----------------------------------------------------------------------------------------------------------------------------------- 
