 ------------------------------------------------------------------------------------------------------------------------------------------------------------------- 
| Snapshot                | WNS                  | TNS                  | Density (%) | Hotspot                   | Resource               | DRVs       | Layer-OPT |
|                         | HEPG (ns) | ALL (ns) | HEPG (ns) | ALL (ns) |             | Max (bins) | Total (bins) | Real (s) | Memory (MB) | Tran | Cap | met4      |
|-------------------------+-----------+----------+-----------+----------+-------------+------------+--------------+----------+-------------+------+-----+-----------|
| initial_summary         |           |   -6.529 |           |     -218 |       27.72 |            |              | 0:00:00  |        5618 |    0 |   0 |           |
| route_type_refinement   |           |          |           |          |             |            |              | 0:00:01  |        5618 |      |     |           |
| simplify_netlist        |           |          |           |          |             |            |              | 0:00:00  |        5875 |      |     |           |
| drv_fixing              |           |          |           |          |             |            |              | 0:00:01  |        5875 |      |     |           |
| global_opt              |           |   -4.988 |           |     -147 |       29.63 |            |              | 0:00:09  |        5891 |      |     |           |
| area_reclaiming         |     0.000 |   -4.977 |         0 |     -147 |       29.23 |            |              | 0:00:02  |        5891 |      |     |           |
| incremental_replacement |           |   -5.809 |           |     -298 |             |      20.67 |       330.78 | 0:00:20  |        5891 |      |     |           |
| drv_fixing_2            |     0.000 |   -5.405 |         0 |     -164 |       29.83 |            |              | 0:00:02  |        5867 |    0 |   0 |           |
| wns_fixing              |     0.089 |   -0.345 |         0 |       -6 |       45.72 |            |              | 0:02:15  |        6226 |      |     |       101 |
| tns_fixing              |     0.084 |   -0.301 |         0 |       -5 |       46.11 |            |              | 0:00:11  |        6226 |      |     |       106 |
| area_reclaiming_2       |     0.055 |   -0.276 |         0 |       -5 |       44.62 |            |              | 0:00:05  |        6117 |      |     |       109 |
| area_reclaiming_3       |    -0.035 |   -0.292 |        -0 |       -5 |       43.80 |            |              | 0:00:08  |        6117 |      |     |        56 |
| global_route            |           |          |           |          |             |     667.11 |      1029.44 | 0:00:02  |        6043 |      |     |           |
| route_type_refinement_2 |           |          |           |          |             |            |              | 0:00:00  |        6043 |      |     |        56 |
| drv_eco_fixing          |    -0.630 |   -1.073 |        -9 |      -20 |       43.88 |            |              | 0:00:01  |        6069 |    0 |   0 |        56 |
| wns_eco_fixing          |     0.010 |   -0.558 |         0 |      -13 |       44.51 |            |              | 0:00:10  |        6197 |      |     |        64 |
| tns_eco_fixing          |     0.015 |   -0.558 |         0 |      -11 |       44.56 |            |              | 0:00:06  |        6199 |      |     |        62 |
| tns_eco_fixing_2        |     0.015 |   -0.558 |         0 |      -11 |       44.56 |            |              | 0:00:02  |        6199 |      |     |        62 |
| final_summary           |    -0.158 |   -0.702 |           |      -16 |       44.56 |     742.00 |      1050.89 | 0:00:03  |        5991 |    0 |   0 |           |
 ------------------------------------------------------------------------------------------------------------------------------------------------------------------- 
