 --------------------------------------------------------------------------------------------------------------------------- 
| Snapshot        | WNS               | TNS | Density (%) | Hotspot                   | Resource               | DRVs       |
|                 | HEPG (ns) | ALL (ns)    |             | Max (bins) | Total (bins) | Real (s) | Memory (MB) | Tran | Cap |
|-----------------+-----------+-------+-----+-------------+------------+--------------+----------+-------------+------+-----|
| initial_summary |     0.005 | 0.005 |   0 |       30.01 |            |              | 0:00:04  |        6618 |    0 |   0 |
| hold_fixing     |           |       |     |             |            |              | 0:00:00  |        6714 |      |     |
| final_summary   |     0.005 | 0.005 |   0 |       30.01 |      39.22 |       365.67 | 0:00:06  |        6618 |    0 |   0 |
 --------------------------------------------------------------------------------------------------------------------------- 
