 ------------------------------------------------------------------------------------------------------------------------------------------------------------------- 
| Snapshot                | WNS                  | TNS                  | Density (%) | Hotspot                   | Resource               | DRVs       | Layer-OPT |
|                         | HEPG (ns) | ALL (ns) | HEPG (ns) | ALL (ns) |             | Max (bins) | Total (bins) | Real (s) | Memory (MB) | Tran | Cap | met4      |
|-------------------------+-----------+----------+-----------+----------+-------------+------------+--------------+----------+-------------+------+-----+-----------|
| initial_summary         |           |   -8.655 |           |    -3102 |       69.88 |            |              | 0:00:01  |        5352 |  636 | 501 |           |
| simplify_netlist        |           |          |           |          |             |            |              | 0:00:00  |        5640 |      |     |           |
| drv_fixing              |           |          |           |          |             |            |              | 0:00:01  |        5640 |      |     |           |
| drv_fixing_2            |     0.000 |   -5.615 |         0 |     -181 |       74.47 |            |              | 0:00:02  |        5768 |    1 |   1 |           |
| global_opt              |           |   -4.732 |           |     -138 |       79.45 |            |              | 0:00:09  |        5776 |      |     |           |
| area_reclaiming         |     0.000 |   -4.716 |         0 |     -136 |       78.53 |            |              | 0:00:02  |        5776 |      |     |           |
| incremental_replacement |    -3.512 |   -4.765 |           |     -220 |             |     485.00 |       485.00 | 0:00:39  |        6256 |      |     |           |
| drv_fixing_3            |    -4.713 |   -4.713 |      -136 |     -136 |       78.96 |            |              | 0:00:01  |        5784 |    0 |   0 |           |
| tns_fixing              |    -3.353 |   -4.582 |       -72 |     -132 |       80.25 |            |              | 0:00:09  |        5943 |      |     |           |
| wns_fixing              |     0.060 |   -0.658 |         0 |      -12 |       95.53 |            |              | 0:01:10  |        6254 |      |     |         5 |
| tns_fixing_2            |     0.064 |   -0.658 |         0 |      -12 |       95.80 |            |              | 0:00:05  |        6254 |      |     |         5 |
| area_reclaiming_2       |     0.026 |   -0.657 |         0 |      -12 |       94.79 |            |              | 0:00:03  |        6126 |      |     |         5 |
| area_reclaiming_3       |     0.011 |   -0.657 |         0 |      -12 |       94.51 |            |              | 0:00:04  |        6126 |      |     |         3 |
| drv_eco_fixing          |     0.011 |   -0.657 |         0 |      -12 |       94.54 |            |              | 0:00:00  |        6126 |    0 |   0 |         3 |
| tns_eco_fixing          |     0.011 |   -0.653 |         0 |      -12 |       94.69 |            |              | 0:00:02  |        6254 |      |     |         3 |
| final_summary           |    -0.238 |   -0.890 |           |      -19 |       94.69 |            |              | 0:00:02  |        5982 |    0 |   0 |           |
 ------------------------------------------------------------------------------------------------------------------------------------------------------------------- 
