 ------------------------------------------------------------------------------------------------------------------------------------------------------- 
| Snapshot                | WNS                  | TNS                  | Density (%) | Hotspot                   | Resource               | DRVs       |
|                         | HEPG (ns) | ALL (ns) | HEPG (ns) | ALL (ns) |             | Max (bins) | Total (bins) | Real (s) | Memory (MB) | Tran | Cap |
|-------------------------+-----------+----------+-----------+----------+-------------+------------+--------------+----------+-------------+------+-----|
| initial_summary         |    -0.980 |   -1.050 |           |      -36 |       29.84 |            |              | 0:00:02  |        6442 |   53 |  63 |
| route_type_refinement   |           |          |           |          |             |            |              | 0:00:01  |        6442 |      |     |
| simplify_netlist        |           |          |           |          |             |            |              | 0:00:00  |        6442 |      |     |
| excluded_clk_net_fixing |           |          |           |          |             |            |              | 0:00:00  |        6442 |      |     |
| drv_fixing              |    -0.870 |   -0.870 |        -6 |      -25 |       30.22 |            |              | 0:00:02  |        6522 |    0 |   0 |
| global_opt              |           |   -0.174 |           |       -1 |       30.40 |            |              | 0:00:03  |        6522 |      |     |
| area_reclaiming         |    -0.068 |   -0.175 |        -0 |       -1 |       30.22 |            |              | 0:00:03  |        6522 |      |     |
| wns_fixing              |     0.078 |    0.062 |         0 |        0 |       30.35 |            |              | 0:00:07  |        6650 |      |     |
| area_reclaiming_2       |     0.002 |   -0.000 |         0 |       -0 |       30.15 |            |              | 0:00:04  |        6522 |      |     |
| area_reclaiming_3       |     0.002 |    0.001 |         0 |        0 |       30.11 |            |              | 0:00:02  |        6522 |      |     |
| local_wire_reclaim      |           |          |           |          |             |            |              | 0:00:14  |        6458 |      |     |
| global_route            |           |          |           |          |             |      23.22 |       329.22 | 0:00:01  |        6368 |      |     |
| route_type_refinement_2 |           |          |           |          |             |            |              | 0:00:01  |        6368 |      |     |
| drv_eco_fixing          |    -0.095 |   -0.095 |        -0 |       -0 |       30.13 |            |              | 0:00:01  |        6448 |    0 |   0 |
| tns_eco_fixing          |     0.003 |    0.002 |         0 |        0 |       30.14 |            |              | 0:00:01  |        6586 |      |     |
| final_summary           |     0.003 |    0.002 |           |        0 |       30.14 |      22.78 |       328.78 | 0:00:03  |        6378 |    0 |   0 |
 ------------------------------------------------------------------------------------------------------------------------------------------------------- 
