 -------------------------------------------------------------------------------------------------- 
| Snapshot           | WNS               | TNS | Density (%) | Resource               | DRVs       |
|                    | HEPG (ns) | ALL (ns)    |             | Real (s) | Memory (MB) | Tran | Cap |
|--------------------+-----------+-------+-----+-------------+----------+-------------+------+-----|
| initial_summary    |     0.108 | 0.075 |   0 |       30.15 | 0:00:02  |       11360 |    0 |   0 |
| ccopt_pro          |           |       |     |             | 0:00:00  |       22670 |      |     |
| route_type_fixing  |           |       |     |             | 0:00:00  |       11880 |      |     |
| pre_route_summary  |     0.108 | 0.075 |   0 |       30.15 | 0:00:01  |       11880 |    0 |   0 |
| eco_route          |           |       |     |             | 0:00:02  |       11870 |      |     |
| post_route_summary |     0.107 | 0.070 |   0 |       30.15 | 0:00:01  |       11360 |    0 |   0 |
| final_summary      |     0.107 | 0.070 |   0 |       30.15 | 0:00:03  |       11360 |    0 |   0 |
 -------------------------------------------------------------------------------------------------- 
