 ------------------------------------------------------------------------------------------------------------------------------------------------------- 
| Snapshot                | WNS                  | TNS                  | Density (%) | Hotspot                   | Resource               | DRVs       |
|                         | HEPG (ns) | ALL (ns) | HEPG (ns) | ALL (ns) |             | Max (bins) | Total (bins) | Real (s) | Memory (MB) | Tran | Cap |
|-------------------------+-----------+----------+-----------+----------+-------------+------------+--------------+----------+-------------+------+-----|
| initial_summary         |     0.012 |   -0.041 |           |       -0 |       30.21 |            |              | 0:00:01  |        6455 |    0 |   0 |
| route_type_refinement   |           |          |           |          |             |            |              | 0:00:01  |        6455 |      |     |
| simplify_netlist        |           |          |           |          |             |            |              | 0:00:01  |        6550 |      |     |
| excluded_clk_net_fixing |           |          |           |          |             |            |              | 0:00:00  |        6550 |      |     |
| global_opt              |           |    0.013 |           |        0 |       30.22 |            |              | 0:00:01  |        6570 |      |     |
| area_reclaiming         |     0.029 |    0.021 |         0 |        0 |       30.12 |            |              | 0:00:02  |        6570 |      |     |
| area_reclaiming_2       |     0.002 |   -0.033 |         0 |       -0 |       30.04 |            |              | 0:00:04  |        6630 |      |     |
| area_reclaiming_3       |     0.002 |   -0.033 |         0 |       -0 |       30.04 |            |              | 0:00:01  |        6630 |      |     |
| local_wire_reclaim      |           |          |           |          |             |            |              | 0:00:12  |        6630 |      |     |
| global_route            |           |          |           |          |             |      13.89 |       214.89 | 0:00:01  |        6540 |      |     |
| route_type_refinement_2 |           |          |           |          |             |            |              | 0:00:00  |        6540 |      |     |
| drv_eco_fixing          |    -0.021 |   -0.131 |        -0 |       -1 |       30.07 |            |              | 0:00:01  |        6630 |    0 |   0 |
| tns_eco_fixing          |     0.027 |    0.005 |         0 |        0 |       30.11 |            |              | 0:00:06  |        6758 |      |     |
| final_summary           |     0.027 |    0.003 |           |        0 |       30.11 |      14.33 |       214.78 | 0:00:03  |        6550 |    0 |   0 |
 ------------------------------------------------------------------------------------------------------------------------------------------------------- 
